Component: ARM Compiler 5.06 update 7 (build 960) Tool: armlink [4d3601]

==============================================================================

Section Cross References

    .\objects\main.o(i.DCMI_IRQHandler) refers to .\objects\stm32f4xx_dcmi.o(i.DCMI_GetFlagStatus) for DCMI_GetFlagStatus
    .\objects\main.o(i.DCMI_IRQHandler) refers to .\objects\stm32f4xx_dcmi.o(i.DCMI_ClearFlag) for DCMI_ClearFlag
    .\objects\main.o(i.DCMI_IRQHandler) refers to .\objects\stm32f4xx_dma.o(i.DMA_Cmd) for DMA_Cmd
    .\objects\main.o(i.DCMI_IRQHandler) refers to .\objects\stm32f4xx_dcmi.o(i.DCMI_Cmd) for DCMI_Cmd
    .\objects\main.o(i.DCMI_IRQHandler) refers to .\objects\stm32f4xx_dcmi.o(i.DCMI_CaptureCmd) for DCMI_CaptureCmd
    .\objects\main.o(i.main) refers to .\objects\ov7670.o(i.init) for init
    .\objects\main.o(i.main) refers to .\objects\ov7670.o(i.Serial_init) for Serial_init
    .\objects\main.o(i.main) refers to .\objects\ov7670.o(i.dcmi_init) for dcmi_init
    .\objects\main.o(i.main) refers to .\objects\ov7670.o(i.camera_init) for camera_init
    .\objects\main.o(i.main) refers to .\objects\ov7670.o(i.SCCB_Delay) for SCCB_Delay
    .\objects\main.o(i.main) refers to .\objects\ov7670.o(i.ov_7670_init_for_snapShot) for ov_7670_init_for_snapShot
    .\objects\main.o(i.main) refers to .\objects\stm32f4xx_dma.o(i.DMA_Cmd) for DMA_Cmd
    .\objects\main.o(i.main) refers to .\objects\ov7670.o(i.start) for start
    .\objects\main.o(i.main) refers to .\objects\ov7670.o(i.sccb_write) for sccb_write
    .\objects\main.o(i.main) refers to .\objects\ov7670.o(i.stop) for stop
    .\objects\main.o(i.main) refers to .\objects\ov7670.o(i.def_as_input) for def_as_input
    .\objects\main.o(i.main) refers to .\objects\ov7670.o(i.I2C_ReceiveByte) for I2C_ReceiveByte
    .\objects\main.o(i.main) refers to .\objects\stm32f4xx_dcmi.o(i.DCMI_Cmd) for DCMI_Cmd
    .\objects\main.o(i.main) refers to .\objects\stm32f4xx_dcmi.o(i.DCMI_CaptureCmd) for DCMI_CaptureCmd
    .\objects\main.o(i.main) refers to .\objects\ov7670.o(i.dumpFrame) for dumpFrame
    .\objects\main.o(i.main) refers to .\objects\main.o(.data) for inn
    .\objects\ov7670.o(i.I2C_ReceiveByte) refers to .\objects\stm32f4xx_gpio.o(i.GPIO_ResetBits) for GPIO_ResetBits
    .\objects\ov7670.o(i.I2C_ReceiveByte) refers to .\objects\ov7670.o(i.SCCB_Delay) for SCCB_Delay
    .\objects\ov7670.o(i.I2C_ReceiveByte) refers to .\objects\stm32f4xx_gpio.o(i.GPIO_SetBits) for GPIO_SetBits
    .\objects\ov7670.o(i.I2C_ReceiveByte) refers to .\objects\stm32f4xx_gpio.o(i.GPIO_ReadInputDataBit) for GPIO_ReadInputDataBit
    .\objects\ov7670.o(i.Serial_init) refers to .\objects\stm32f4xx_rcc.o(i.RCC_APB1PeriphClockCmd) for RCC_APB1PeriphClockCmd
    .\objects\ov7670.o(i.Serial_init) refers to .\objects\stm32f4xx_rcc.o(i.RCC_AHB1PeriphClockCmd) for RCC_AHB1PeriphClockCmd
    .\objects\ov7670.o(i.Serial_init) refers to .\objects\stm32f4xx_gpio.o(i.GPIO_Init) for GPIO_Init
    .\objects\ov7670.o(i.Serial_init) refers to .\objects\stm32f4xx_gpio.o(i.GPIO_PinAFConfig) for GPIO_PinAFConfig
    .\objects\ov7670.o(i.Serial_init) refers to .\objects\stm32f4xx_usart.o(i.USART_Init) for USART_Init
    .\objects\ov7670.o(i.Serial_init) refers to .\objects\stm32f4xx_usart.o(i.USART_ITConfig) for USART_ITConfig
    .\objects\ov7670.o(i.Serial_init) refers to .\objects\misc.o(i.NVIC_Init) for NVIC_Init
    .\objects\ov7670.o(i.Serial_init) refers to .\objects\misc.o(i.NVIC_PriorityGroupConfig) for NVIC_PriorityGroupConfig
    .\objects\ov7670.o(i.Serial_init) refers to .\objects\stm32f4xx_usart.o(i.USART_Cmd) for USART_Cmd
    .\objects\ov7670.o(i.Serial_log) refers to .\objects\stm32f4xx_usart.o(i.USART_GetFlagStatus) for USART_GetFlagStatus
    .\objects\ov7670.o(i.Serial_log) refers to .\objects\stm32f4xx_usart.o(i.USART_SendData) for USART_SendData
    .\objects\ov7670.o(i.Serial_read) refers to .\objects\stm32f4xx_usart.o(i.USART_ReceiveData) for USART_ReceiveData
    .\objects\ov7670.o(i.Serial_sendb) refers to .\objects\stm32f4xx_usart.o(i.USART_GetFlagStatus) for USART_GetFlagStatus
    .\objects\ov7670.o(i.Serial_sendb) refers to .\objects\stm32f4xx_usart.o(i.USART_SendData) for USART_SendData
    .\objects\ov7670.o(i.camera_init) refers to .\objects\ov7670.o(i.multi_write) for multi_write
    .\objects\ov7670.o(i.dcmi_init) refers to .\objects\stm32f4xx_rcc.o(i.RCC_AHB1PeriphClockCmd) for RCC_AHB1PeriphClockCmd
    .\objects\ov7670.o(i.dcmi_init) refers to .\objects\stm32f4xx_rcc.o(i.RCC_AHB2PeriphClockCmd) for RCC_AHB2PeriphClockCmd
    .\objects\ov7670.o(i.dcmi_init) refers to .\objects\stm32f4xx_gpio.o(i.GPIO_Init) for GPIO_Init
    .\objects\ov7670.o(i.dcmi_init) refers to .\objects\stm32f4xx_gpio.o(i.GPIO_PinAFConfig) for GPIO_PinAFConfig
    .\objects\ov7670.o(i.dcmi_init) refers to .\objects\stm32f4xx_gpio.o(i.GPIO_ResetBits) for GPIO_ResetBits
    .\objects\ov7670.o(i.dcmi_init) refers to .\objects\stm32f4xx_gpio.o(i.GPIO_SetBits) for GPIO_SetBits
[...]
    ../clib/signal.c                         0x00000000   Number         0  C:\Keil_v5\ARM\ARMCC\Bin\..\lib\armlib\c_w.l(defsig_rtmem_outer.o) ABSOLUTE
    ../clib/signal.c                         0x00000000   Number         0  C:\Keil_v5\ARM\ARMCC\Bin\..\lib\armlib\c_w.l(defsig_pvfn_inner.o) ABSOLUTE
    ../clib/signal.c                         0x00000000   Number         0  C:\Keil_v5\ARM\ARMCC\Bin\..\lib\armlib\c_w.l(defsig_stak_inner.o) ABSOLUTE
    ../clib/signal.c                         0x00000000   Number         0  C:\Keil_v5\ARM\ARMCC\Bin\..\lib\armlib\c_w.l(defsig_rtmem_formal.o) ABSOLUTE
    ../clib/signal.c                         0x00000000   Number         0  C:\Keil_v5\ARM\ARMCC\Bin\..\lib\armlib\c_w.l(defsig_segv_inner.o) ABSOLUTE
    ../clib/signal.c                         0x00000000   Number         0  C:\Keil_v5\ARM\ARMCC\Bin\..\lib\armlib\c_w.l(defsig_other.o) ABSOLUTE
    ../clib/signal.c                         0x00000000   Number         0  C:\Keil_v5\ARM\ARMCC\Bin\..\lib\armlib\c_w.l(defsig_cppl_inner.o) ABSOLUTE
    ../clib/signal.s                         0x00000000   Number         0  C:\Keil_v5\ARM\ARMCC\Bin\..\lib\armlib\c_w.l(defsig.o) ABSOLUTE
    ../clib/stdlib.c                         0x00000000   Number         0  C:\Keil_v5\ARM\ARMCC\Bin\..\lib\armlib\c_w.l(exit.o) ABSOLUTE
    ../fplib/basic.s                         0x00000000   Number         0  C:\Keil_v5\ARM\ARMCC\Bin\..\lib\armlib\fz_wm.l(basic.o) ABSOLUTE
    ../fplib/d2f.s                           0x00000000   Number         0  C:\Keil_v5\ARM\ARMCC\Bin\..\lib\armlib\fz_wm.l(d2f.o) ABSOLUTE
    ../fplib/daddsub.s                       0x00000000   Number         0  C:\Keil_v5\ARM\ARMCC\Bin\..\lib\armlib\fz_wm.l(daddsub_clz.o) ABSOLUTE
    ../fplib/dcmpi.s                         0x00000000   Number         0  C:\Keil_v5\ARM\ARMCC\Bin\..\lib\armlib\fz_wm.l(dcmpi.o) ABSOLUTE
    ../fplib/ddiv.s                          0x00000000   Number         0  C:\Keil_v5\ARM\ARMCC\Bin\..\lib\armlib\fz_wm.l(ddiv.o) ABSOLUTE
    ../fplib/deqf.s                          0x00000000   Number         0  C:\Keil_v5\ARM\ARMCC\Bin\..\lib\armlib\fz_wm.l(deqf.o) ABSOLUTE
    ../fplib/dflt.s                          0x00000000   Number         0  C:\Keil_v5\ARM\ARMCC\Bin\..\lib\armlib\fz_wm.l(dflt_clz.o) ABSOLUTE
    ../fplib/dmul.s                          0x00000000   Number         0  C:\Keil_v5\ARM\ARMCC\Bin\..\lib\armlib\fz_wm.l(dmul.o) ABSOLUTE
    ../fplib/dnaninf.s                       0x00000000   Number         0  C:\Keil_v5\ARM\ARMCC\Bin\..\lib\armlib\fz_wm.l(dnaninf.o) ABSOLUTE
    ../fplib/dretinf.s                       0x00000000   Number         0  C:\Keil_v5\ARM\ARMCC\Bin\..\lib\armlib\fz_wm.l(dretinf.o) ABSOLUTE
    ../fplib/f2d.s                           0x00000000   Number         0  C:\Keil_v5\ARM\ARMCC\Bin\..\lib\armlib\fz_wm.l(f2d.o) ABSOLUTE
    ../fplib/ffixll.s                        0x00000000   Number         0  C:\Keil_v5\ARM\ARMCC\Bin\..\lib\armlib\fz_wm.l(ffixll.o) ABSOLUTE
    ../fplib/fnaninf.s                       0x00000000   Number         0  C:\Keil_v5\ARM\ARMCC\Bin\..\lib\armlib\fz_wm.l(fnaninf.o) ABSOLUTE
    ../fplib/fpinit.s                        0x00000000   Number         0  C:\Keil_v5\ARM\ARMCC\Bin\..\lib\armlib\fz_wm.l(fpinit.o) ABSOLUTE
    ../fplib/fretinf.s                       0x00000000   Number         0  C:\Keil_v5\ARM\ARMCC\Bin\..\lib\armlib\fz_wm.l(fretinf.o) ABSOLUTE
    ../fplib/istatus.s                       0x00000000   Number         0  C:\Keil_v5\ARM\ARMCC\Bin\..\lib\armlib\fz_wm.l(istatus.o) ABSOLUTE
    ../fplib/usenofp.s                       0x00000000   Number         0  C:\Keil_v5\ARM\ARMCC\Bin\..\lib\armlib\fz_wm.l(usenofp.o) ABSOLUTE
    ../mathlib/dunder.c                      0x00000000   Number         0  C:\Keil_v5\ARM\ARMCC\Bin\..\lib\armlib\m_wm.l(dunder.o) ABSOLUTE
    ../mathlib/expf.c                        0x00000000   Number         0  C:\Keil_v5\ARM\ARMCC\Bin\..\lib\armlib\m_wm.l(expf.o) ABSOLUTE
    ../mathlib/expf.c                        0x00000000   Number         0  C:\Keil_v5\ARM\ARMCC\Bin\..\lib\armlib\m_wm.l(expf_x.o) ABSOLUTE
    ../mathlib/fpclassifyf.c                 0x00000000   Number         0  C:\Keil_v5\ARM\ARMCC\Bin\..\lib\armlib\m_wm.l(fpclassifyf.o) ABSOLUTE
    ../mathlib/funder.c                      0x00000000   Number         0  C:\Keil_v5\ARM\ARMCC\Bin\..\lib\armlib\m_wm.l(funder.o) ABSOLUTE
    ../mathlib/log.c                         0x00000000   Number         0  C:\Keil_v5\ARM\ARMCC\Bin\..\lib\armlib\m_wm.l(log.o) ABSOLUTE
    ../mathlib/log.c                         0x00000000   Number         0  C:\Keil_v5\ARM\ARMCC\Bin\..\lib\armlib\m_wm.l(log_x.o) ABSOLUTE
    ../mathlib/logf.c                        0x00000000   Number         0  C:\Keil_v5\ARM\ARMCC\Bin\..\lib\armlib\m_wm.l(logf.o) ABSOLUTE
    ../mathlib/logf.c                        0x00000000   Number         0  C:\Keil_v5\ARM\ARMCC\Bin\..\lib\armlib\m_wm.l(logf_x.o) ABSOLUTE
    ../mathlib/poly.c                        0x00000000   Number         0  C:\Keil_v5\ARM\ARMCC\Bin\..\lib\armlib\m_wm.l(poly.o) ABSOLUTE
    ../mathlib/powf.c                        0x00000000   Number         0  C:\Keil_v5\ARM\ARMCC\Bin\..\lib\armlib\m_wm.l(powf.o) ABSOLUTE
    ../mathlib/powf.c                        0x00000000   Number         0  C:\Keil_v5\ARM\ARMCC\Bin\..\lib\armlib\m_wm.l(powf_x.o) ABSOLUTE
    ../mathlib/qnan.c                        0x00000000   Number         0  C:\Keil_v5\ARM\ARMCC\Bin\..\lib\armlib\m_wm.l(qnan.o) ABSOLUTE
    ../mathlib/tanhf.c                       0x00000000   Number         0  C:\Keil_v5\ARM\ARMCC\Bin\..\lib\armlib\m_wm.l(tanhf.o) ABSOLUTE
    ../mathlib/tanhf.c                       0x00000000   Number         0  C:\Keil_v5\ARM\ARMCC\Bin\..\lib\armlib\m_wm.l(tanhf_x.o) ABSOLUTE
    C:\Keil_v5\ARM\PACK\ARM\CMSIS\5.7.0\CMSIS\DSP\Source\BasicMathFunctions\BasicMathFunctions.c 0x00000000   Number         0  .\objects\basicmathfunctions.o ABSOLUTE
    C:\Keil_v5\ARM\PACK\ARM\CMSIS\5.7.0\CMSIS\DSP\Source\BayesFunctions\BayesFunctions.c 0x00000000   Number         0  .\objects\bayesfunctions.o ABSOLUTE
    C:\Keil_v5\ARM\PACK\ARM\CMSIS\5.7.0\CMSIS\DSP\Source\CommonTables\CommonTables.c 0x00000000   Number         0  .\objects\commontables.o ABSOLUTE
    C:\Keil_v5\ARM\PACK\ARM\CMSIS\5.7.0\CMSIS\DSP\Source\ComplexMathFunctions\ComplexMathFunctions.c 0x00000000   Number         0  .\objects\complexmathfunctions.o ABSOLUTE
    C:\Keil_v5\ARM\PACK\ARM\CMSIS\5.7.0\CMSIS\DSP\Source\ControllerFunctions\ControllerFunctions.c 0x00000000   Number         0  .\objects\controllerfunctions.o ABSOLUTE
    C:\Keil_v5\ARM\PACK\ARM\CMSIS\5.7.0\CMSIS\DSP\Source\DistanceFunctions\DistanceFunctions.c 0x00000000   Number         0  .\objects\distancefunctions.o ABSOLUTE
    C:\Keil_v5\ARM\PACK\ARM\CMSIS\5.7.0\CMSIS\DSP\Source\FastMathFunctions\FastMathFunctions.c 0x00000000   Number         0  .\objects\fastmathfunctions.o ABSOLUTE
    C:\Keil_v5\ARM\PACK\ARM\CMSIS\5.7.0\CMSIS\DSP\Source\FilteringFunctions\FilteringFunctions.c 0x00000000   Number         0  .\objects\filteringfunctions.o ABSOLUTE
    C:\Keil_v5\ARM\PACK\ARM\CMSIS\5.7.0\CMSIS\DSP\Source\MatrixFunctions\MatrixFunctions.c 0x00000000   Number         0  .\objects\matrixfunctions.o ABSOLUTE
    C:\Keil_v5\ARM\PACK\ARM\CMSIS\5.7.0\CMSIS\DSP\Source\SVMFunctions\SVMFunctions.c 0x00000000   Number         0  .\objects\svmfunctions.o ABSOLUTE
    C:\Keil_v5\ARM\PACK\ARM\CMSIS\5.7.0\CMSIS\DSP\Source\StatisticsFunctions\StatisticsFunctions.c 0x00000000   Number         0  .\objects\statisticsfunctions.o ABSOLUTE
    C:\Keil_v5\ARM\PACK\ARM\CMSIS\5.7.0\CMSIS\DSP\Source\SupportFunctions\SupportFunctions.c 0x00000000   Number         0  .\objects\supportfunctions.o ABSOLUTE
    C:\Keil_v5\ARM\PACK\ARM\CMSIS\5.7.0\CMSIS\DSP\Source\TransformFunctions\TransformFunctions.c 0x00000000   Number         0  .\objects\transformfunctions.o ABSOLUTE
    C:\Keil_v5\ARM\PACK\Keil\ARM_Compiler\1.6.3\Source\retarget_io.c 0x00000000   Number         0  .\objects\retarget_io.o ABSOLUTE
    C:\Keil_v5\ARM\PACK\Keil\STM32F4xx_DFP\1.0.8\Device\StdPeriph_Driver\src\misc.c 0x00000000   Number         0  .\objects\misc.o ABSOLUTE
    C:\Keil_v5\ARM\PACK\Keil\STM32F4xx_DFP\1.0.8\Device\StdPeriph_Driver\src\stm32f4xx_dcmi.c 0x00000000   Number         0  .\objects\stm32f4xx_dcmi.o ABSOLUTE
    C:\Keil_v5\ARM\PACK\Keil\STM32F4xx_DFP\1.0.8\Device\StdPeriph_Driver\src\stm32f4xx_dma.c 0x00000000   Number         0  .\objects\stm32f4xx_dma.o ABSOLUTE
    C:\Keil_v5\ARM\PACK\Keil\STM32F4xx_DFP\1.0.8\Device\StdPeriph_Driver\src\stm32f4xx_gpio.c 0x00000000   Number         0  .\objects\stm32f4xx_gpio.o ABSOLUTE
    C:\Keil_v5\ARM\PACK\Keil\STM32F4xx_DFP\1.0.8\Device\StdPeriph_Driver\src\stm32f4xx_rcc.c 0x00000000   Number         0  .\objects\stm32f4xx_rcc.o ABSOLUTE
    C:\Keil_v5\ARM\PACK\Keil\STM32F4xx_DFP\1.0.8\Device\StdPeriph_Driver\src\stm32f4xx_syscfg.c 0x00000000   Number         0  .\objects\stm32f4xx_syscfg.o ABSOLUTE
    C:\Keil_v5\ARM\PACK\Keil\STM32F4xx_DFP\1.0.8\Device\StdPeriph_Driver\src\stm32f4xx_usart.c 0x00000000   Number         0  .\objects\stm32f4xx_usart.o ABSOLUTE
    C:\Keil_v5\ARM\PACK\Keil\STM32F4xx_DFP\1.0.8\RTE_Driver\DMA_STM32F4xx.c 0x00000000   Number         0  .\objects\dma_stm32f4xx.o ABSOLUTE
    C:\\Keil_v5\\ARM\\PACK\\ARM\\CMSIS\\5.7.0\\CMSIS\\DSP\\Source\\BasicMathFunctions\\BasicMathFunctions.c 0x00000000   Number         0  .\objects\basicmathfunctions.o ABSOLUTE
    C:\\Keil_v5\\ARM\\PACK\\ARM\\CMSIS\\5.7.0\\CMSIS\\DSP\\Source\\BayesFunctions\\BayesFunctions.c 0x00000000   Number         0  .\objects\bayesfunctions.o ABSOLUTE
    C:\\Keil_v5\\ARM\\PACK\\ARM\\CMSIS\\5.7.0\\CMSIS\\DSP\\Source\\CommonTables\\CommonTables.c 0x00000000   Number         0  .\objects\commontables.o ABSOLUTE
    C:\\Keil_v5\\ARM\\PACK\\ARM\\CMSIS\\5.7.0\\CMSIS\\DSP\\Source\\ComplexMathFunctions\\ComplexMathFunctions.c 0x00000000   Number         0  .\objects\complexmathfunctions.o ABSOLUTE
    C:\\Keil_v5\\ARM\\PACK\\ARM\\CMSIS\\5.7.0\\CMSIS\\DSP\\Source\\ControllerFunctions\\ControllerFunctions.c 0x00000000   Number         0  .\objects\controllerfunctions.o ABSOLUTE
    C:\\Keil_v5\\ARM\\PACK\\ARM\\CMSIS\\5.7.0\\CMSIS\\DSP\\Source\\DistanceFunctions\\DistanceFunctions.c 0x00000000   Number         0  .\objects\distancefunctions.o ABSOLUTE
    C:\\Keil_v5\\ARM\\PACK\\ARM\\CMSIS\\5.7.0\\CMSIS\\DSP\\Source\\FastMathFunctions\\FastMathFunctions.c 0x00000000   Number         0  .\objects\fastmathfunctions.o ABSOLUTE
    C:\\Keil_v5\\ARM\\PACK\\ARM\\CMSIS\\5.7.0\\CMSIS\\DSP\\Source\\FilteringFunctions\\FilteringFunctions.c 0x00000000   Number         0  .\objects\filteringfunctions.o ABSOLUTE
    C:\\Keil_v5\\ARM\\PACK\\ARM\\CMSIS\\5.7.0\\CMSIS\\DSP\\Source\\MatrixFunctions\\MatrixFunctions.c 0x00000000   Number         0  .\objects\matrixfunctions.o ABSOLUTE
    C:\\Keil_v5\\ARM\\PACK\\ARM\\CMSIS\\5.7.0\\CMSIS\\DSP\\Source\\SVMFunctions\\SVMFunctions.c 0x00000000   Number         0  .\objects\svmfunctions.o ABSOLUTE
    C:\\Keil_v5\\ARM\\PACK\\ARM\\CMSIS\\5.7.0\\CMSIS\\DSP\\Source\\StatisticsFunctions\\StatisticsFunctions.c 0x00000000   Number         0  .\objects\statisticsfunctions.o ABSOLUTE
    C:\\Keil_v5\\ARM\\PACK\\ARM\\CMSIS\\5.7.0\\CMSIS\\DSP\\Source\\SupportFunctions\\SupportFunctions.c 0x00000000   Number         0  .\objects\supportfunctions.o ABSOLUTE
    C:\\Keil_v5\\ARM\\PACK\\ARM\\CMSIS\\5.7.0\\CMSIS\\DSP\\Source\\TransformFunctions\\TransformFunctions.c 0x00000000   Number         0  .\objects\transformfunctions.o ABSOLUTE
    C:\\Keil_v5\\ARM\\PACK\\Keil\\STM32F4xx_DFP\\1.0.8\\Device\\StdPeriph_Driver\\src\\misc.c 0x00000000   Number         0  .\objects\misc.o ABSOLUTE
    C:\\Keil_v5\\ARM\\PACK\\Keil\\STM32F4xx_DFP\\1.0.8\\Device\\StdPeriph_Driver\\src\\stm32f4xx_dcmi.c 0x00000000   Number         0  .\objects\stm32f4xx_dcmi.o ABSOLUTE
    C:\\Keil_v5\\ARM\\PACK\\Keil\\STM32F4xx_DFP\\1.0.8\\Device\\StdPeriph_Driver\\src\\stm32f4xx_dma.c 0x00000000   Number         0  .\objects\stm32f4xx_dma.o ABSOLUTE
    C:\\Keil_v5\\ARM\\PACK\\Keil\\STM32F4xx_DFP\\1.0.8\\Device\\StdPeriph_Driver\\src\\stm32f4xx_gpio.c 0x00000000   Number         0  .\objects\stm32f4xx_gpio.o ABSOLUTE
    C:\\Keil_v5\\ARM\\PACK\\Keil\\STM32F4xx_DFP\\1.0.8\\Device\\StdPeriph_Driver\\src\\stm32f4xx_rcc.c 0x00000000   Number         0  .\objects\stm32f4xx_rcc.o ABSOLUTE
    C:\\Keil_v5\\ARM\\PACK\\Keil\\STM32F4xx_DFP\\1.0.8\\Device\\StdPeriph_Driver\\src\\stm32f4xx_syscfg.c 0x00000000   Number         0  .\objects\stm32f4xx_syscfg.o ABSOLUTE
    C:\\Keil_v5\\ARM\\PACK\\Keil\\STM32F4xx_DFP\\1.0.8\\Device\\StdPeriph_Driver\\src\\stm32f4xx_usart.c 0x00000000   Number         0  .\objects\stm32f4xx_usart.o ABSOLUTE
    C:\\Keil_v5\\ARM\\PACK\\Keil\\STM32F4xx_DFP\\1.0.8\\RTE_Driver\\DMA_STM32F4xx.c 0x00000000   Number         0  .\objects\dma_stm32f4xx.o ABSOLUTE
    RTE\Device\STM32F407VG\startup_stm32f40_41xxx.s 0x00000000   Number         0  .\objects\startup_stm32f40_41xxx.o ABSOLUTE
    RTE\Device\STM32F407VG\system_stm32f4xx.c 0x00000000   Number         0  .\objects\system_stm32f4xx_1.o ABSOLUTE
    RTE\\Device\\STM32F407VG\\system_stm32f4xx.c 0x00000000   Number         0  .\objects\system_stm32f4xx_1.o ABSOLUTE
    dc.s                                     0x00000000   Number         0  C:\Keil_v5\ARM\ARMCC\Bin\..\lib\armlib\c_w.l(dc.o) ABSOLUTE
    main.c                                   0x00000000   Number         0  .\objects\main.o ABSOLUTE
    main.c                                   0x00000000   Number         0  .\objects\main.o ABSOLUTE
    ov7670.c                                 0x00000000   Number         0  .\objects\ov7670.o ABSOLUTE
    ov7670.c                                 0x00000000   Number         0  .\objects\ov7670.o ABSOLUTE
    RESET                                    0x08000000   Section      392  .\objects\startup_stm32f40_41xxx.o(RESET)
    !!!main                                  0x08000188   Section        8  C:\Keil_v5\ARM\ARMCC\Bin\..\lib\armlib\c_w.l(__main.o)(!!!main)
    !!!scatter                               0x08000190   Section       52  C:\Keil_v5\ARM\ARMCC\Bin\..\lib\armlib\c_w.l(__scatter.o)(!!!scatter)
    !!handler_copy                           0x080001c4   Section       26  C:\Keil_v5\ARM\ARMCC\Bin\..\lib\armlib\c_w.l(__scatter_copy.o)(!!handler_copy)
    !!handler_zi                             0x080001e0   Section       28  C:\Keil_v5\ARM\ARMCC\Bin\..\lib\armlib\c_w.l(__scatter_zi.o)(!!handler_zi)
    .ARM.Collect$$libinit$$00000000          0x080001fc   Section        2  C:\Keil_v5\ARM\ARMCC\Bin\..\lib\armlib\c_w.l(libinit.o)(.ARM.Collect$$libinit$$00000000)
    .ARM.Collect$$libinit$$00000001          0x080001fe   Section        4  C:\Keil_v5\ARM\ARMCC\Bin\..\lib\armlib\c_w.l(libinit2.o)(.ARM.Collect$$libinit$$00000001)
    .ARM.Collect$$libinit$$00000004          0x08000202   Section        0  C:\Keil_v5\ARM\ARMCC\Bin\..\lib\armlib\c_w.l(libinit2.o)(.ARM.Collect$$libinit$$00000004)
    .ARM.Collect$$libinit$$0000000A          0x08000202   Section        0  C:\Keil_v5\ARM\ARMCC\Bin\..\lib\armlib\c_w.l(libinit2.o)(.ARM.Collect$$libinit$$0000000A)
    .ARM.Collect$$libinit$$0000000C          0x08000202   Section        0  C:\Keil_v5\ARM\ARMCC\Bin\..\lib\armlib\c_w.l(libinit2.o)(.ARM.Collect$$libinit$$0000000C)
    .ARM.Collect$$libinit$$0000000E          0x08000202   Section        0  C:\Keil_v5\ARM\ARMCC\Bin\..\lib\armlib\c_w.l(libinit2.o)(.ARM.Collect$$libinit$$0000000E)
    .ARM.Collect$$libinit$$00000011          0x08000202   Section        0  C:\Keil_v5\ARM\ARMCC\Bin\..\lib\armlib\c_w.l(libinit2.o)(.ARM.Collect$$libinit$$00000011)
    .ARM.Collect$$libinit$$00000013          0x08000202   Section        0  C:\Keil_v5\ARM\ARMCC\Bin\..\lib\armlib\c_w.l(libinit2.o)(.ARM.Collect$$libinit$$00000013)
    .ARM.Collect$$libinit$$00000015          0x08000202   Section        0  C:\Keil_v5\ARM\ARMCC\Bin\..\lib\armlib\c_w.l(libinit2.o)(.ARM.Collect$$libinit$$00000015)
    .ARM.Collect$$libinit$$00000017          0x08000202   Section        0  C:\Keil_v5\ARM\ARMCC\Bin\..\lib\armlib\c_w.l(libinit2.o)(.ARM.Collect$$libinit$$00000017)
    .ARM.Collect$$libinit$$00000019          0x08000202   Section        0  C:\Keil_v5\ARM\ARMCC\Bin\..\lib\armlib\c_w.l(libinit2.o)(.ARM.Collect$$libinit$$00000019)
    .ARM.Collect$$libinit$$0000001B          0x08000202   Section        0  C:\Keil_v5\ARM\ARMCC\Bin\..\lib\armlib\c_w.l(libinit2.o)(.ARM.Collect$$libinit$$0000001B)
    .ARM.Collect$$libinit$$0000001D          0x08000202   Section        0  C:\Keil_v5\ARM\ARMCC\Bin\..\lib\armlib\c_w.l(libinit2.o)(.ARM.Collect$$libinit$$0000001D)
    .ARM.Collect$$libinit$$0000001F          0x08000202   Section        0  C:\Keil_v5\ARM\ARMCC\Bin\..\lib\armlib\c_w.l(libinit2.o)(.ARM.Collect$$libinit$$0000001F)
    .ARM.Collect$$libinit$$00000021          0x08000202   Section        0  C:\Keil_v5\ARM\ARMCC\Bin\..\lib\armlib\c_w.l(libinit2.o)(.ARM.Collect$$libinit$$00000021)
    .ARM.Collect$$libinit$$00000023          0x08000202   Section        0  C:\Keil_v5\ARM\ARMCC\Bin\..\lib\armlib\c_w.l(libinit2.o)(.ARM.Collect$$libinit$$00000023)
    .ARM.Collect$$libinit$$00000025          0x08000202   Section        0  C:\Keil_v5\ARM\ARMCC\Bin\..\lib\armlib\c_w.l(libinit2.o)(.ARM.Collect$$libinit$$00000025)
    .ARM.Collect$$libinit$$0000002C          0x08000202   Section        0  C:\Keil_v5\ARM\ARMCC\Bin\..\lib\armlib\c_w.l(libinit2.o)(.ARM.Collect$$libinit$$0000002C)
    .ARM.Collect$$libinit$$0000002E          0x08000202   Section        0  C:\Keil_v5\ARM\ARMCC\Bin\..\lib\armlib\c_w.l(libinit2.o)(.ARM.Collect$$libinit$$0000002E)
    .ARM.Collect$$libinit$$00000030          0x08000202   Section        0  C:\Keil_v5\ARM\ARMCC\Bin\..\lib\armlib\c_w.l(libinit2.o)(.ARM.Collect$$libinit$$00000030)
    .ARM.Collect$$libinit$$00000032          0x08000202   Section        0  C:\Keil_v5\ARM\ARMCC\Bin\..\lib\armlib\c_w.l(libinit2.o)(.ARM.Collect$$libinit$$00000032)
    .ARM.Collect$$libinit$$00000033          0x08000202   Section        2  C:\Keil_v5\ARM\ARMCC\Bin\..\lib\armlib\c_w.l(libinit2.o)(.ARM.Collect$$libinit$$00000033)
    .ARM.Collect$$libshutdown$$00000000      0x08000204   Section        2  C:\Keil_v5\ARM\ARMCC\Bin\..\lib\armlib\c_w.l(libshutdown.o)(.ARM.Collect$$libshutdown$$00000000)
    .ARM.Collect$$libshutdown$$00000002      0x08000206   Section        0  C:\Keil_v5\ARM\ARMCC\Bin\..\lib\armlib\c_w.l(libshutdown2.o)(.ARM.Collect$$libshutdown$$00000002)
    .ARM.Collect$$libshutdown$$00000004      0x08000206   Section        0  C:\Keil_v5\ARM\ARMCC\Bin\..\lib\armlib\c_w.l(libshutdown2.o)(.ARM.Collect$$libshutdown$$00000004)
    .ARM.Collect$$libshutdown$$00000006      0x08000206   Section        0  C:\Keil_v5\ARM\ARMCC\Bin\..\lib\armlib\c_w.l(libshutdown2.o)(.ARM.Collect$$libshutdown$$00000006)
    .ARM.Collect$$libshutdown$$00000009      0x08000206   Section        0  C:\Keil_v5\ARM\ARMCC\Bin\..\lib\armlib\c_w.l(libshutdown2.o)(.ARM.Collect$$libshutdown$$00000009)
    .ARM.Collect$$libshutdown$$0000000C      0x08000206   Section        0  C:\Keil_v5\ARM\ARMCC\Bin\..\lib\armlib\c_w.l(libshutdown2.o)(.ARM.Collect$$libshutdown$$0000000C)
    .ARM.Collect$$libshutdown$$0000000E      0x08000206   Section        0  C:\Keil_v5\ARM\ARMCC\Bin\..\lib\armlib\c_w.l(libshutdown2.o)(.ARM.Collect$$libshutdown$$0000000E)
    .ARM.Collect$$libshutdown$$00000011      0x08000206   Section        0  C:\Keil_v5\ARM\ARMCC\Bin\..\lib\armlib\c_w.l(libshutdown2.o)(.ARM.Collect$$libshutdown$$00000011)
    .ARM.Collect$$libshutdown$$00000012      0x08000206   Section        2  C:\Keil_v5\ARM\ARMCC\Bin\..\lib\armlib\c_w.l(libshutdown2.o)(.ARM.Collect$$libshutdown$$00000012)
    .ARM.Collect$$rtentry$$00000000          0x08000208   Section        0  C:\Keil_v5\ARM\ARMCC\Bin\..\lib\armlib\c_w.l(__rtentry.o)(.ARM.Collect$$rtentry$$00000000)
    .ARM.Collect$$rtentry$$00000002          0x08000208   Section        0  C:\Keil_v5\ARM\ARMCC\Bin\..\lib\armlib\c_w.l(__rtentry2.o)(.ARM.Collect$$rtentry$$00000002)
    .ARM.Collect$$rtentry$$00000004          0x08000208   Section        6  C:\Keil_v5\ARM\ARMCC\Bin\..\lib\armlib\c_w.l(__rtentry4.o)(.ARM.Collect$$rtentry$$00000004)
    .ARM.Collect$$rtentry$$00000009          0x0800020e   Section        0  C:\Keil_v5\ARM\ARMCC\Bin\..\lib\armlib\c_w.l(__rtentry2.o)(.ARM.Collect$$rtentry$$00000009)
    .ARM.Collect$$rtentry$$0000000A          0x0800020e   Section        4  C:\Keil_v5\ARM\ARMCC\Bin\..\lib\armlib\c_w.l(__rtentry2.o)(.ARM.Collect$$rtentry$$0000000A)
    .ARM.Collect$$rtentry$$0000000C          0x08000212   Section        0  C:\Keil_v5\ARM\ARMCC\Bin\..\lib\armlib\c_w.l(__rtentry2.o)(.ARM.Collect$$rtentry$$0000000C)
    .ARM.Collect$$rtentry$$0000000D          0x08000212   Section        8  C:\Keil_v5\ARM\ARMCC\Bin\..\lib\armlib\c_w.l(__rtentry2.o)(.ARM.Collect$$rtentry$$0000000D)
    .ARM.Collect$$rtexit$$00000000           0x0800021a   Section        2  C:\Keil_v5\ARM\ARMCC\Bin\..\lib\armlib\c_w.l(rtexit.o)(.ARM.Collect$$rtexit$$00000000)
    .ARM.Collect$$rtexit$$00000002           0x0800021c   Section        0  C:\Keil_v5\ARM\ARMCC\Bin\..\lib\armlib\c_w.l(rtexit2.o)(.ARM.Collect$$rtexit$$00000002)
    .ARM.Collect$$rtexit$$00000003           0x0800021c   Section        4  C:\Keil_v5\ARM\ARMCC\Bin\..\lib\armlib\c_w.l(rtexit2.o)(.ARM.Collect$$rtexit$$00000003)
    .ARM.Collect$$rtexit$$00000004           0x08000220   Section        6  C:\Keil_v5\ARM\ARMCC\Bin\..\lib\armlib\c_w.l(rtexit2.o)(.ARM.Collect$$rtexit$$00000004)
    .text                                    0x08000228   Section       64  .\objects\startup_stm32f40_41xxx.o(.text)
    $v0                                      0x08000228   Number         0  .\objects\startup_stm32f40_41xxx.o(.text)
    .text                                    0x08000268   Section        0  C:\Keil_v5\ARM\ARMCC\Bin\..\lib\armlib\c_w.l(heapauxi.o)(.text)
    .text                                    0x08000270   Section        8  C:\Keil_v5\ARM\ARMCC\Bin\..\lib\armlib\c_w.l(libspace.o)(.text)
    .text                                    0x08000278   Section       74  C:\Keil_v5\ARM\ARMCC\Bin\..\lib\armlib\c_w.l(sys_stackheap_outer.o)(.text)
    .text                                    0x080002c2   Section        0  C:\Keil_v5\ARM\ARMCC\Bin\..\lib\armlib\c_w.l(exit.o)(.text)
    .text                                    0x080002d4   Section        0  C:\Keil_v5\ARM\ARMCC\Bin\..\lib\armlib\c_w.l(sys_exit.o)(.text)
    .text                                    0x080002e0   Section        2  C:\Keil_v5\ARM\ARMCC\Bin\..\lib\armlib\c_w.l(use_no_semi.o)(.text)
    .text                                    0x080002e2   Section        0  C:\Keil_v5\ARM\ARMCC\Bin\..\lib\armlib\c_w.l(indicate_semi.o)(.text)
    i.DCMI_CaptureCmd                        0x080002e4   Section        0  .\objects\stm32f4xx_dcmi.o(i.DCMI_CaptureCmd)
    i.DCMI_ClearFlag                         0x08000308   Section        0  .\objects\stm32f4xx_dcmi.o(i.DCMI_ClearFlag)
    i.DCMI_Cmd                               0x08000314   Section        0  .\objects\stm32f4xx_dcmi.o(i.DCMI_Cmd)
    i.DCMI_GetFlagStatus                     0x08000338   Section        0  .\objects\stm32f4xx_dcmi.o(i.DCMI_GetFlagStatus)
    i.DCMI_IRQHandler                        0x0800036c   Section        0  .\objects\main.o(i.DCMI_IRQHandler)
    i.DCMI_ITConfig                          0x080003b8   Section        0  .\objects\stm32f4xx_dcmi.o(i.DCMI_ITConfig)
    i.DCMI_Init                              0x080003dc   Section        0  .\objects\stm32f4xx_dcmi.o(i.DCMI_Init)
    i.DMA1_Stream0_Event                     0x0800041c   Section        0  .\objects\dma_stm32f4xx.o(i.DMA1_Stream0_Event)
    i.DMA1_Stream0_IRQHandler                0x08000420   Section        0  .\objects\dma_stm32f4xx.o(i.DMA1_Stream0_IRQHandler)
    i.DMA1_Stream1_Event                     0x0800043c   Section        0  .\objects\dma_stm32f4xx.o(i.DMA1_Stream1_Event)
    i.DMA1_Stream1_IRQHandler                0x08000440   Section        0  .\objects\dma_stm32f4xx.o(i.DMA1_Stream1_IRQHandler)
    i.DMA1_Stream2_Event                     0x08000460   Section        0  .\objects\dma_stm32f4xx.o(i.DMA1_Stream2_Event)
    i.DMA1_Stream2_IRQHandler                0x08000464   Section        0  .\objects\dma_stm32f4xx.o(i.DMA1_Stream2_IRQHandler)
    i.DMA1_Stream3_Event                     0x08000484   Section        0  .\objects\dma_stm32f4xx.o(i.DMA1_Stream3_Event)
    i.DMA1_Stream3_IRQHandler                0x08000488   Section        0  .\objects\dma_stm32f4xx.o(i.DMA1_Stream3_IRQHandler)
    i.DMA1_Stream4_Event                     0x080004a8   Section        0  .\objects\dma_stm32f4xx.o(i.DMA1_Stream4_Event)
    i.DMA1_Stream4_IRQHandler                0x080004ac   Section        0  .\objects\dma_stm32f4xx.o(i.DMA1_Stream4_IRQHandler)
    i.DMA1_Stream5_Event                     0x080004c8   Section        0  .\objects\dma_stm32f4xx.o(i.DMA1_Stream5_Event)
    i.DMA1_Stream5_IRQHandler                0x080004cc   Section        0  .\objects\dma_stm32f4xx.o(i.DMA1_Stream5_IRQHandler)
    i.DMA1_Stream6_Event                     0x080004ec   Section        0  .\objects\dma_stm32f4xx.o(i.DMA1_Stream6_Event)
    i.DMA1_Stream6_IRQHandler                0x080004f0   Section        0  .\objects\dma_stm32f4xx.o(i.DMA1_Stream6_IRQHandler)
    i.DMA1_Stream7_Event                     0x08000510   Section        0  .\objects\dma_stm32f4xx.o(i.DMA1_Stream7_Event)
    i.DMA1_Stream7_IRQHandler                0x08000514   Section        0  .\objects\dma_stm32f4xx.o(i.DMA1_Stream7_IRQHandler)
    i.DMA2_Stream0_Event                     0x08000534   Section        0  .\objects\dma_stm32f4xx.o(i.DMA2_Stream0_Event)
    i.DMA2_Stream0_IRQHandler                0x08000538   Section        0  .\objects\dma_stm32f4xx.o(i.DMA2_Stream0_IRQHandler)
    i.DMA2_Stream1_Event                     0x08000554   Section        0  .\objects\dma_stm32f4xx.o(i.DMA2_Stream1_Event)
    i.DMA2_Stream1_IRQHandler                0x08000558   Section        0  .\objects\dma_stm32f4xx.o(i.DMA2_Stream1_IRQHandler)
    i.DMA2_Stream2_Event                     0x08000578   Section        0  .\objects\dma_stm32f4xx.o(i.DMA2_Stream2_Event)
    i.DMA2_Stream2_IRQHandler                0x0800057c   Section        0  .\objects\dma_stm32f4xx.o(i.DMA2_Stream2_IRQHandler)
    i.DMA2_Stream3_Event                     0x0800059c   Section        0  .\objects\dma_stm32f4xx.o(i.DMA2_Stream3_Event)
    i.DMA2_Stream3_IRQHandler                0x080005a0   Section        0  .\objects\dma_stm32f4xx.o(i.DMA2_Stream3_IRQHandler)
    i.DMA2_Stream4_Event                     0x080005c0   Section        0  .\objects\dma_stm32f4xx.o(i.DMA2_Stream4_Event)
    i.DMA2_Stream4_IRQHandler                0x080005c4   Section        0  .\objects\dma_stm32f4xx.o(i.DMA2_Stream4_IRQHandler)
    i.DMA2_Stream5_Event                     0x080005e0   Section        0  .\objects\dma_stm32f4xx.o(i.DMA2_Stream5_Event)
    i.DMA2_Stream5_IRQHandler                0x080005e4   Section        0  .\objects\dma_stm32f4xx.o(i.DMA2_Stream5_IRQHandler)
    i.DMA2_Stream6_Event                     0x08000604   Section        0  .\objects\dma_stm32f4xx.o(i.DMA2_Stream6_Event)
    i.DMA2_Stream6_IRQHandler                0x08000608   Section        0  .\objects\dma_stm32f4xx.o(i.DMA2_Stream6_IRQHandler)
    i.DMA2_Stream7_Event                     0x08000628   Section        0  .\objects\dma_stm32f4xx.o(i.DMA2_Stream7_Event)
    i.DMA2_Stream7_IRQHandler                0x0800062c   Section        0  .\objects\dma_stm32f4xx.o(i.DMA2_Stream7_IRQHandler)
    i.DMA_Cmd                                0x0800064c   Section        0  .\objects\stm32f4xx_dma.o(i.DMA_Cmd)
    i.DMA_DeInit                             0x08000664   Section        0  .\objects\stm32f4xx_dma.o(i.DMA_DeInit)
    i.DMA_ITConfig                           0x080007bc   Section        0  .\objects\stm32f4xx_dma.o(i.DMA_ITConfig)
    i.DMA_Init                               0x080007f8   Section        0  .\objects\stm32f4xx_dma.o(i.DMA_Init)
    i.GPIO_Init                              0x08000850   Section        0  .\objects\stm32f4xx_gpio.o(i.GPIO_Init)
    i.GPIO_PinAFConfig                       0x080008e0   Section        0  .\objects\stm32f4xx_gpio.o(i.GPIO_PinAFConfig)
    i.GPIO_ReadInputDataBit                  0x08000926   Section        0  .\objects\stm32f4xx_gpio.o(i.GPIO_ReadInputDataBit)
    i.GPIO_ResetBits                         0x08000938   Section        0  .\objects\stm32f4xx_gpio.o(i.GPIO_ResetBits)
    i.GPIO_SetBits                           0x0800093c   Section        0  .\objects\stm32f4xx_gpio.o(i.GPIO_SetBits)
    i.I2C_ReceiveByte                        0x08000940   Section        0  .\objects\ov7670.o(i.I2C_ReceiveByte)
    i.NVIC_Init                              0x08000994   Section        0  .\objects\misc.o(i.NVIC_Init)
    i.NVIC_PriorityGroupConfig               0x08000a0c   Section        0  .\objects\misc.o(i.NVIC_PriorityGroupConfig)
    i.RCC_AHB1PeriphClockCmd                 0x08000a20   Section        0  .\objects\stm32f4xx_rcc.o(i.RCC_AHB1PeriphClockCmd)
    i.RCC_AHB2PeriphClockCmd                 0x08000a40   Section        0  .\objects\stm32f4xx_rcc.o(i.RCC_AHB2PeriphClockCmd)
    i.RCC_APB1PeriphClockCmd                 0x08000a60   Section        0  .\objects\stm32f4xx_rcc.o(i.RCC_APB1PeriphClockCmd)
    i.RCC_GetClocksFreq                      0x08000a80   Section        0  .\objects\stm32f4xx_rcc.o(i.RCC_GetClocksFreq)
    i.RCC_GetFlagStatus                      0x08000b68   Section        0  .\objects\stm32f4xx_rcc.o(i.RCC_GetFlagStatus)
    i.RCC_MCO2Config                         0x08000ba8   Section        0  .\objects\stm32f4xx_rcc.o(i.RCC_MCO2Config)
    i.RCC_PLLI2SCmd                          0x08000bc4   Section        0  .\objects\stm32f4xx_rcc.o(i.RCC_PLLI2SCmd)
    i.RCC_PLLI2SConfig                       0x08000bd0   Section        0  .\objects\stm32f4xx_rcc.o(i.RCC_PLLI2SConfig)
    i.SCCB_Delay                             0x08000be0   Section        0  .\objects\ov7670.o(i.SCCB_Delay)
    i.Serial_init                            0x08000bf0   Section        0  .\objects\ov7670.o(i.Serial_init)
    i.Serial_sendb                           0x08000cc0   Section        0  .\objects\ov7670.o(i.Serial_sendb)
    i.SetSysClock                            0x08000ce0   Section        0  .\objects\system_stm32f4xx_1.o(i.SetSysClock)
    SetSysClock                              0x08000ce1   Thumb Code   220  .\objects\system_stm32f4xx_1.o(i.SetSysClock)
    i.SystemInit                             0x08000dcc   Section        0  .\objects\system_stm32f4xx_1.o(i.SystemInit)
    i.USART_Cmd                              0x08000e34   Section        0  .\objects\stm32f4xx_usart.o(i.USART_Cmd)
    i.USART_GetFlagStatus                    0x08000e4c   Section        0  .\objects\stm32f4xx_usart.o(i.USART_GetFlagStatus)
    i.USART_ITConfig                         0x08000e66   Section        0  .\objects\stm32f4xx_usart.o(i.USART_ITConfig)
    i.USART_Init                             0x08000eb0   Section        0  .\objects\stm32f4xx_usart.o(i.USART_Init)
    i.USART_SendData                         0x08000f84   Section        0  .\objects\stm32f4xx_usart.o(i.USART_SendData)
    i.camera_init                            0x08000f8c   Section        0  .\objects\ov7670.o(i.camera_init)
    i.dcmi_init                              0x08000f98   Section        0  .\objects\ov7670.o(i.dcmi_init)
    i.def_as_input                           0x080011f0   Section        0  .\objects\ov7670.o(i.def_as_input)
    i.def_as_output                          0x0800121c   Section        0  .\objects\ov7670.o(i.def_as_output)
    i.dumpFrame                              0x08001248   Section        0  .\objects\ov7670.o(i.dumpFrame)
    i.init                                   0x08001278   Section        0  .\objects\ov7670.o(i.init)
    i.main                                   0x08001368   Section        0  .\objects\main.o(i.main)
    i.multi_write                            0x0800142c   Section        0  .\objects\ov7670.o(i.multi_write)
    i.ov_7670_init_for_snapShot              0x0800145c   Section        0  .\objects\ov7670.o(i.ov_7670_init_for_snapShot)
    i.sccb_write                             0x08001500   Section        0  .\objects\ov7670.o(i.sccb_write)
    i.start                                  0x080015a4   Section        0  .\objects\ov7670.o(i.start)
    i.stop                                   0x080015e0   Section        0  .\objects\ov7670.o(i.stop)
    x$fpl$fpinit                             0x0800161c   Section       10  C:\Keil_v5\ARM\ARMCC\Bin\..\lib\armlib\fz_wm.l(fpinit.o)(x$fpl$fpinit)
    $v0                                      0x0800161c   Number         0  C:\Keil_v5\ARM\ARMCC\Bin\..\lib\armlib\fz_wm.l(fpinit.o)(x$fpl$fpinit)
    .constdata                               0x08001626   Section      366  .\objects\ov7670.o(.constdata)
    .data                                    0x20000000   Section       20  .\objects\main.o(.data)
    frame_flag                               0x20000008   Data           4  .\objects\main.o(.data)
    send_sync_frame                          0x2000000c   Data           4  .\objects\main.o(.data)
    .data                                    0x20000014   Section       24  .\objects\ov7670.o(.data)
    .data                                    0x2000002c   Section       16  .\objects\stm32f4xx_rcc.o(.data)
    APBAHBPrescTable                         0x2000002c   Data          16  .\objects\stm32f4xx_rcc.o(.data)
    .bss                                     0x2000003c   Section    50688  .\objects\ov7670.o(.bss)
    .bss                                     0x2000c63c   Section       96  C:\Keil_v5\ARM\ARMCC\Bin\..\lib\armlib\c_w.l(libspace.o)(.bss)
    HEAP                                     0x2000c6a0   Section      512  .\objects\startup_stm32f40_41xxx.o(HEAP)
    Heap_Mem                                 0x2000c6a0   Data         512  .\objects\startup_stm32f40_41xxx.o(HEAP)
    STACK                                    0x2000c8a0   Section     1024  .\objects\startup_stm32f40_41xxx.o(STACK)
    Stack_Mem                                0x2000c8a0   Data        1024  .\objects\startup_stm32f40_41xxx.o(STACK)
    __initial_sp                             0x2000cca0   Data           0  .\objects\startup_stm32f40_41xxx.o(STACK)

    Global Symbols

    Symbol Name                              Value     Ov Type        Size  Object(Section)

    BuildAttributes$$THM_ISAv4$E$P$D$K$B$S$7EM$VFPi3$EXTD16$VFPS$VFMA$PE$A:L22UL41UL21$X:L11$S22US41US21$IEEE1$IW$USESV6$~STKCKD$USESV7$~SHL$OTIME$ROPI$IEEEX$EBA8$UX$STANDARDLIB$REQ8$PRES8$EABIv2 0x00000000   Number         0  anon$$obj.o ABSOLUTE
    __ARM_use_no_argv                        0x00000000   Number         0  .\objects\main.o ABSOLUTE
    __ARM_exceptions_init                     - Undefined Weak Reference
    __alloca_initialize                       - Undefined Weak Reference
    __arm_fini_                               - Undefined Weak Reference
    __arm_preinit_                            - Undefined Weak Reference
    __cpp_initialize__aeabi_                  - Undefined Weak Reference
    __cxa_finalize                            - Undefined Weak Reference
    __rt_locale                               - Undefined Weak Reference
    __sigvec_lookup                           - Undefined Weak Reference
    _atexit_init                              - Undefined Weak Reference
    _call_atexit_fns                          - Undefined Weak Reference
    _clock_init                               - Undefined Weak Reference
    _fp_trap_init                             - Undefined Weak Reference
    _fp_trap_shutdown                         - Undefined Weak Reference
    _get_lc_collate                           - Undefined Weak Reference
    _get_lc_ctype                             - Undefined Weak Reference
    _get_lc_monetary                          - Undefined Weak Reference
    _get_lc_numeric                           - Undefined Weak Reference
    _get_lc_time                              - Undefined Weak Reference
    _getenv_init                              - Undefined Weak Reference
    _handle_redirection                       - Undefined Weak Reference
    _init_alloc                               - Undefined Weak Reference
    _init_user_alloc                          - Undefined Weak Reference
    _initio                                   - Undefined Weak Reference
    _rand_init                                - Undefined Weak Reference
    _signal_finish                            - Undefined Weak Reference
    _signal_init                              - Undefined Weak Reference
    _terminate_alloc                          - Undefined Weak Reference
    _terminate_user_alloc                     - Undefined Weak Reference
    _terminateio                              - Undefined Weak Reference
    __Vectors_Size                           0x00000188   Number         0  .\objects\startup_stm32f40_41xxx.o ABSOLUTE
    __Vectors                                0x08000000   Data           4  .\objects\startup_stm32f40_41xxx.o(RESET)
    __Vectors_End                            0x08000188   Data           0  .\objects\startup_stm32f40_41xxx.o(RESET)
    __main                                   0x08000189   Thumb Code     8  C:\Keil_v5\ARM\ARMCC\Bin\..\lib\armlib\c_w.l(__main.o)(!!!main)
    __scatterload                            0x08000191   Thumb Code     0  C:\Keil_v5\ARM\ARMCC\Bin\..\lib\armlib\c_w.l(__scatter.o)(!!!scatter)
    __scatterload_rt2                        0x08000191   Thumb Code    44  C:\Keil_v5\ARM\ARMCC\Bin\..\lib\armlib\c_w.l(__scatter.o)(!!!scatter)
    __scatterload_rt2_thumb_only             0x08000191   Thumb Code     0  C:\Keil_v5\ARM\ARMCC\Bin\..\lib\armlib\c_w.l(__scatter.o)(!!!scatter)
    __scatterload_null                       0x0800019f   Thumb Code     0  C:\Keil_v5\ARM\ARMCC\Bin\..\lib\armlib\c_w.l(__scatter.o)(!!!scatter)
    __scatterload_copy                       0x080001c5   Thumb Code    26  C:\Keil_v5\ARM\ARMCC\Bin\..\lib\armlib\c_w.l(__scatter_copy.o)(!!handler_copy)
    __scatterload_zeroinit                   0x080001e1   Thumb Code    28  C:\Keil_v5\ARM\ARMCC\Bin\..\lib\armlib\c_w.l(__scatter_zi.o)(!!handler_zi)
    __rt_lib_init                            0x080001fd   Thumb Code     0  C:\Keil_v5\ARM\ARMCC\Bin\..\lib\armlib\c_w.l(libinit.o)(.ARM.Collect$$libinit$$00000000)
    __rt_lib_init_fp_1                       0x080001ff   Thumb Code     0  C:\Keil_v5\ARM\ARMCC\Bin\..\lib\armlib\c_w.l(libinit2.o)(.ARM.Collect$$libinit$$00000001)
    __rt_lib_init_alloca_1                   0x08000203   Thumb Code     0  C:\Keil_v5\ARM\ARMCC\Bin\..\lib\armlib\c_w.l(libinit2.o)(.ARM.Collect$$libinit$$0000002E)
    __rt_lib_init_argv_1                     0x08000203   Thumb Code     0  C:\Keil_v5\ARM\ARMCC\Bin\..\lib\armlib\c_w.l(libinit2.o)(.ARM.Collect$$libinit$$0000002C)
    __rt_lib_init_atexit_1                   0x08000203   Thumb Code     0  C:\Keil_v5\ARM\ARMCC\Bin\..\lib\armlib\c_w.l(libinit2.o)(.ARM.Collect$$libinit$$0000001B)
    __rt_lib_init_clock_1                    0x08000203   Thumb Code     0  C:\Keil_v5\ARM\ARMCC\Bin\..\lib\armlib\c_w.l(libinit2.o)(.ARM.Collect$$libinit$$00000021)
    __rt_lib_init_cpp_1                      0x08000203   Thumb Code     0  C:\Keil_v5\ARM\ARMCC\Bin\..\lib\armlib\c_w.l(libinit2.o)(.ARM.Collect$$libinit$$00000032)
    __rt_lib_init_exceptions_1               0x08000203   Thumb Code     0  C:\Keil_v5\ARM\ARMCC\Bin\..\lib\armlib\c_w.l(libinit2.o)(.ARM.Collect$$libinit$$00000030)
    __rt_lib_init_fp_trap_1                  0x08000203   Thumb Code     0  C:\Keil_v5\ARM\ARMCC\Bin\..\lib\armlib\c_w.l(libinit2.o)(.ARM.Collect$$libinit$$0000001F)
    __rt_lib_init_getenv_1                   0x08000203   Thumb Code     0  C:\Keil_v5\ARM\ARMCC\Bin\..\lib\armlib\c_w.l(libinit2.o)(.ARM.Collect$$libinit$$00000023)
    __rt_lib_init_heap_1                     0x08000203   Thumb Code     0  C:\Keil_v5\ARM\ARMCC\Bin\..\lib\armlib\c_w.l(libinit2.o)(.ARM.Collect$$libinit$$0000000A)
    __rt_lib_init_lc_collate_1               0x08000203   Thumb Code     0  C:\Keil_v5\ARM\ARMCC\Bin\..\lib\armlib\c_w.l(libinit2.o)(.ARM.Collect$$libinit$$00000011)
    __rt_lib_init_lc_ctype_1                 0x08000203   Thumb Code     0  C:\Keil_v5\ARM\ARMCC\Bin\..\lib\armlib\c_w.l(libinit2.o)(.ARM.Collect$$libinit$$00000013)
    __rt_lib_init_lc_monetary_1              0x08000203   Thumb Code     0  C:\Keil_v5\ARM\ARMCC\Bin\..\lib\armlib\c_w.l(libinit2.o)(.ARM.Collect$$libinit$$00000015)
    __rt_lib_init_lc_numeric_1               0x08000203   Thumb Code     0  C:\Keil_v5\ARM\ARMCC\Bin\..\lib\armlib\c_w.l(libinit2.o)(.ARM.Collect$$libinit$$00000017)
    __rt_lib_init_lc_time_1                  0x08000203   Thumb Code     0  C:\Keil_v5\ARM\ARMCC\Bin\..\lib\armlib\c_w.l(libinit2.o)(.ARM.Collect$$libinit$$00000019)
    __rt_lib_init_preinit_1                  0x08000203   Thumb Code     0  C:\Keil_v5\ARM\ARMCC\Bin\..\lib\armlib\c_w.l(libinit2.o)(.ARM.Collect$$libinit$$00000004)
    __rt_lib_init_rand_1                     0x08000203   Thumb Code     0  C:\Keil_v5\ARM\ARMCC\Bin\..\lib\armlib\c_w.l(libinit2.o)(.ARM.Collect$$libinit$$0000000E)
    __rt_lib_init_return                     0x08000203   Thumb Code     0  C:\Keil_v5\ARM\ARMCC\Bin\..\lib\armlib\c_w.l(libinit2.o)(.ARM.Collect$$libinit$$00000033)
    __rt_lib_init_signal_1                   0x08000203   Thumb Code     0  C:\Keil_v5\ARM\ARMCC\Bin\..\lib\armlib\c_w.l(libinit2.o)(.ARM.Collect$$libinit$$0000001D)
    __rt_lib_init_stdio_1                    0x08000203   Thumb Code     0  C:\Keil_v5\ARM\ARMCC\Bin\..\lib\armlib\c_w.l(libinit2.o)(.ARM.Collect$$libinit$$00000025)
    __rt_lib_init_user_alloc_1               0x08000203   Thumb Code     0  C:\Keil_v5\ARM\ARMCC\Bin\..\lib\armlib\c_w.l(libinit2.o)(.ARM.Collect$$libinit$$0000000C)
    __rt_lib_shutdown                        0x08000205   Thumb Code     0  C:\Keil_v5\ARM\ARMCC\Bin\..\lib\armlib\c_w.l(libshutdown.o)(.ARM.Collect$$libshutdown$$00000000)
    __rt_lib_shutdown_cpp_1                  0x08000207   Thumb Code     0  C:\Keil_v5\ARM\ARMCC\Bin\..\lib\armlib\c_w.l(libshutdown2.o)(.ARM.Collect$$libshutdown$$00000004)
    __rt_lib_shutdown_fini_1                 0x08000207   Thumb Code     0  C:\Keil_v5\ARM\ARMCC\Bin\..\lib\armlib\c_w.l(libshutdown2.o)(.ARM.Collect$$libshutdown$$00000002)
    __rt_lib_shutdown_fp_trap_1              0x08000207   Thumb Code     0  C:\Keil_v5\ARM\ARMCC\Bin\..\lib\armlib\c_w.l(libshutdown2.o)(.ARM.Collect$$libshutdown$$00000009)
    __rt_lib_shutdown_heap_1                 0x08000207   Thumb Code     0  C:\Keil_v5\ARM\ARMCC\Bin\..\lib\armlib\c_w.l(libshutdown2.o)(.ARM.Collect$$libshutdown$$00000011)
    __rt_lib_shutdown_return                 0x08000207   Thumb Code     0  C:\Keil_v5\ARM\ARMCC\Bin\..\lib\armlib\c_w.l(libshutdown2.o)(.ARM.Collect$$libshutdown$$00000012)
    __rt_lib_shutdown_signal_1               0x08000207   Thumb Code     0  C:\Keil_v5\ARM\ARMCC\Bin\..\lib\armlib\c_w.l(libshutdown2.o)(.ARM.Collect$$libshutdown$$0000000C)
    __rt_lib_shutdown_stdio_1                0x08000207   Thumb Code     0  C:\Keil_v5\ARM\ARMCC\Bin\..\lib\armlib\c_w.l(libshutdown2.o)(.ARM.Collect$$libshutdown$$00000006)
    __rt_lib_shutdown_user_alloc_1           0x08000207   Thumb Code     0  C:\Keil_v5\ARM\ARMCC\Bin\..\lib\armlib\c_w.l(libshutdown2.o)(.ARM.Collect$$libshutdown$$0000000E)
    __rt_entry                               0x08000209   Thumb Code     0  C:\Keil_v5\ARM\ARMCC\Bin\..\lib\armlib\c_w.l(__rtentry.o)(.ARM.Collect$$rtentry$$00000000)
    __rt_entry_presh_1                       0x08000209   Thumb Code     0  C:\Keil_v5\ARM\ARMCC\Bin\..\lib\armlib\c_w.l(__rtentry2.o)(.ARM.Collect$$rtentry$$00000002)
    __rt_entry_sh                            0x08000209   Thumb Code     0  C:\Keil_v5\ARM\ARMCC\Bin\..\lib\armlib\c_w.l(__rtentry4.o)(.ARM.Collect$$rtentry$$00000004)
    __rt_entry_li                            0x0800020f   Thumb Code     0  C:\Keil_v5\ARM\ARMCC\Bin\..\lib\armlib\c_w.l(__rtentry2.o)(.ARM.Collect$$rtentry$$0000000A)
    __rt_entry_postsh_1                      0x0800020f   Thumb Code     0  C:\Keil_v5\ARM\ARMCC\Bin\..\lib\armlib\c_w.l(__rtentry2.o)(.ARM.Collect$$rtentry$$00000009)
    __rt_entry_main                          0x08000213   Thumb Code     0  C:\Keil_v5\ARM\ARMCC\Bin\..\lib\armlib\c_w.l(__rtentry2.o)(.ARM.Collect$$rtentry$$0000000D)
    __rt_entry_postli_1                      0x08000213   Thumb Code     0  C:\Keil_v5\ARM\ARMCC\Bin\..\lib\armlib\c_w.l(__rtentry2.o)(.ARM.Collect$$rtentry$$0000000C)
    __rt_exit                                0x0800021b   Thumb Code     0  C:\Keil_v5\ARM\ARMCC\Bin\..\lib\armlib\c_w.l(rtexit.o)(.ARM.Collect$$rtexit$$00000000)
    __rt_exit_ls                             0x0800021d   Thumb Code     0  C:\Keil_v5\ARM\ARMCC\Bin\..\lib\armlib\c_w.l(rtexit2.o)(.ARM.Collect$$rtexit$$00000003)
    __rt_exit_prels_1                        0x0800021d   Thumb Code     0  C:\Keil_v5\ARM\ARMCC\Bin\..\lib\armlib\c_w.l(rtexit2.o)(.ARM.Collect$$rtexit$$00000002)
    __rt_exit_exit                           0x08000221   Thumb Code     0  C:\Keil_v5\ARM\ARMCC\Bin\..\lib\armlib\c_w.l(rtexit2.o)(.ARM.Collect$$rtexit$$00000004)
    Reset_Handler                            0x08000229   Thumb Code     8  .\objects\startup_stm32f40_41xxx.o(.text)
    NMI_Handler                              0x08000231   Thumb Code     2  .\objects\startup_stm32f40_41xxx.o(.text)
    HardFault_Handler                        0x08000233   Thumb Code     2  .\objects\startup_stm32f40_41xxx.o(.text)
    MemManage_Handler                        0x08000235   Thumb Code     2  .\objects\startup_stm32f40_41xxx.o(.text)
    BusFault_Handler                         0x08000237   Thumb Code     2  .\objects\startup_stm32f40_41xxx.o(.text)
    UsageFault_Handler                       0x08000239   Thumb Code     2  .\objects\startup_stm32f40_41xxx.o(.text)
    SVC_Handler                              0x0800023b   Thumb Code     2  .\objects\startup_stm32f40_41xxx.o(.text)
    DebugMon_Handler                         0x0800023d   Thumb Code     2  .\objects\startup_stm32f40_41xxx.o(.text)
    PendSV_Handler                           0x0800023f   Thumb Code     2  .\objects\startup_stm32f40_41xxx.o(.text)
    SysTick_Handler                          0x08000241   Thumb Code     2  .\objects\startup_stm32f40_41xxx.o(.text)
    ADC_IRQHandler                           0x08000243   Thumb Code     0  .\objects\startup_stm32f40_41xxx.o(.text)
    CAN1_RX0_IRQHandler                      0x08000243   Thumb Code     0  .\objects\startup_stm32f40_41xxx.o(.text)
    CAN1_RX1_IRQHandler                      0x08000243   Thumb Code     0  .\objects\startup_stm32f40_41xxx.o(.text)
    CAN1_SCE_IRQHandler                      0x08000243   Thumb Code     0  .\objects\startup_stm32f40_41xxx.o(.text)
    CAN1_TX_IRQHandler                       0x08000243   Thumb Code     0  .\objects\startup_stm32f40_41xxx.o(.text)
    CAN2_RX0_IRQHandler                      0x08000243   Thumb Code     0  .\objects\startup_stm32f40_41xxx.o(.text)
    CAN2_RX1_IRQHandler                      0x08000243   Thumb Code     0  .\objects\startup_stm32f40_41xxx.o(.text)
    CAN2_SCE_IRQHandler                      0x08000243   Thumb Code     0  .\objects\startup_stm32f40_41xxx.o(.text)
    CAN2_TX_IRQHandler                       0x08000243   Thumb Code     0  .\objects\startup_stm32f40_41xxx.o(.text)
    CRYP_IRQHandler                          0x08000243   Thumb Code     0  .\objects\startup_stm32f40_41xxx.o(.text)
    ETH_IRQHandler                           0x08000243   Thumb Code     0  .\objects\startup_stm32f40_41xxx.o(.text)
    ETH_WKUP_IRQHandler                      0x08000243   Thumb Code     0  .\objects\startup_stm32f40_41xxx.o(.text)
    EXTI0_IRQHandler                         0x08000243   Thumb Code     0  .\objects\startup_stm32f40_41xxx.o(.text)
    EXTI15_10_IRQHandler                     0x08000243   Thumb Code     0  .\objects\startup_stm32f40_41xxx.o(.text)
    EXTI1_IRQHandler                         0x08000243   Thumb Code     0  .\objects\startup_stm32f40_41xxx.o(.text)
    EXTI2_IRQHandler                         0x08000243   Thumb Code     0  .\objects\startup_stm32f40_41xxx.o(.text)
    EXTI3_IRQHandler                         0x08000243   Thumb Code     0  .\objects\startup_stm32f40_41xxx.o(.text)
    EXTI4_IRQHandler                         0x08000243   Thumb Code     0  .\objects\startup_stm32f40_41xxx.o(.text)
    EXTI9_5_IRQHandler                       0x08000243   Thumb Code     0  .\objects\startup_stm32f40_41xxx.o(.text)
    FLASH_IRQHandler                         0x08000243   Thumb Code     0  .\objects\startup_stm32f40_41xxx.o(.text)
    FPU_IRQHandler                           0x08000243   Thumb Code     0  .\objects\startup_stm32f40_41xxx.o(.text)
    FSMC_IRQHandler                          0x08000243   Thumb Code     0  .\objects\startup_stm32f40_41xxx.o(.text)
    HASH_RNG_IRQHandler                      0x08000243   Thumb Code     0  .\objects\startup_stm32f40_41xxx.o(.text)
    I2C1_ER_IRQHandler                       0x08000243   Thumb Code     0  .\objects\startup_stm32f40_41xxx.o(.text)
    I2C1_EV_IRQHandler                       0x08000243   Thumb Code     0  .\objects\startup_stm32f40_41xxx.o(.text)
    I2C2_ER_IRQHandler                       0x08000243   Thumb Code     0  .\objects\startup_stm32f40_41xxx.o(.text)
    I2C2_EV_IRQHandler                       0x08000243   Thumb Code     0  .\objects\startup_stm32f40_41xxx.o(.text)
    I2C3_ER_IRQHandler                       0x08000243   Thumb Code     0  .\objects\startup_stm32f40_41xxx.o(.text)
    I2C3_EV_IRQHandler                       0x08000243   Thumb Code     0  .\objects\startup_stm32f40_41xxx.o(.text)
    OTG_FS_IRQHandler                        0x08000243   Thumb Code     0  .\objects\startup_stm32f40_41xxx.o(.text)
    OTG_FS_WKUP_IRQHandler                   0x08000243   Thumb Code     0  .\objects\startup_stm32f40_41xxx.o(.text)
    OTG_HS_EP1_IN_IRQHandler                 0x08000243   Thumb Code     0  .\objects\startup_stm32f40_41xxx.o(.text)
    OTG_HS_EP1_OUT_IRQHandler                0x08000243   Thumb Code     0  .\objects\startup_stm32f40_41xxx.o(.text)
    OTG_HS_IRQHandler                        0x08000243   Thumb Code     0  .\objects\startup_stm32f40_41xxx.o(.text)
    OTG_HS_WKUP_IRQHandler                   0x08000243   Thumb Code     0  .\objects\startup_stm32f40_41xxx.o(.text)
    PVD_IRQHandler                           0x08000243   Thumb Code     0  .\objects\startup_stm32f40_41xxx.o(.text)
    RCC_IRQHandler                           0x08000243   Thumb Code     0  .\objects\startup_stm32f40_41xxx.o(.text)
    RTC_Alarm_IRQHandler                     0x08000243   Thumb Code     0  .\objects\startup_stm32f40_41xxx.o(.text)
    RTC_WKUP_IRQHandler                      0x08000243   Thumb Code     0  .\objects\startup_stm32f40_41xxx.o(.text)
    SDIO_IRQHandler                          0x08000243   Thumb Code     0  .\objects\startup_stm32f40_41xxx.o(.text)
    SPI1_IRQHandler                          0x08000243   Thumb Code     0  .\objects\startup_stm32f40_41xxx.o(.text)
    SPI2_IRQHandler                          0x08000243   Thumb Code     0  .\objects\startup_stm32f40_41xxx.o(.text)
    SPI3_IRQHandler                          0x08000243   Thumb Code     0  .\objects\startup_stm32f40_41xxx.o(.text)
    TAMP_STAMP_IRQHandler                    0x08000243   Thumb Code     0  .\objects\startup_stm32f40_41xxx.o(.text)
    TIM1_BRK_TIM9_IRQHandler                 0x08000243   Thumb Code     0  .\objects\startup_stm32f40_41xxx.o(.text)
    TIM1_CC_IRQHandler                       0x08000243   Thumb Code     0  .\objects\startup_stm32f40_41xxx.o(.text)
    TIM1_TRG_COM_TIM11_IRQHandler            0x08000243   Thumb Code     0  .\objects\startup_stm32f40_41xxx.o(.text)
    TIM1_UP_TIM10_IRQHandler                 0x08000243   Thumb Code     0  .\objects\startup_stm32f40_41xxx.o(.text)
    TIM2_IRQHandler                          0x08000243   Thumb Code     0  .\objects\startup_stm32f40_41xxx.o(.text)
    TIM3_IRQHandler                          0x08000243   Thumb Code     0  .\objects\startup_stm32f40_41xxx.o(.text)
    TIM4_IRQHandler                          0x08000243   Thumb Code     0  .\objects\startup_stm32f40_41xxx.o(.text)
    TIM5_IRQHandler                          0x08000243   Thumb Code     0  .\objects\startup_stm32f40_41xxx.o(.text)
    TIM6_DAC_IRQHandler                      0x08000243   Thumb Code     0  .\objects\startup_stm32f40_41xxx.o(.text)
    TIM7_IRQHandler                          0x08000243   Thumb Code     0  .\objects\startup_stm32f40_41xxx.o(.text)
    TIM8_BRK_TIM12_IRQHandler                0x08000243   Thumb Code     0  .\objects\startup_stm32f40_41xxx.o(.text)
    TIM8_CC_IRQHandler                       0x08000243   Thumb Code     0  .\objects\startup_stm32f40_41xxx.o(.text)
    TIM8_TRG_COM_TIM14_IRQHandler            0x08000243   Thumb Code     0  .\objects\startup_stm32f40_41xxx.o(.text)
    TIM8_UP_TIM13_IRQHandler                 0x08000243   Thumb Code     0  .\objects\startup_stm32f40_41xxx.o(.text)
    UART4_IRQHandler                         0x08000243   Thumb Code     0  .\objects\startup_stm32f40_41xxx.o(.text)
    UART5_IRQHandler                         0x08000243   Thumb Code     0  .\objects\startup_stm32f40_41xxx.o(.text)
    USART1_IRQHandler                        0x08000243   Thumb Code     0  .\objects\startup_stm32f40_41xxx.o(.text)
    USART2_IRQHandler                        0x08000243   Thumb Code     0  .\objects\startup_stm32f40_41xxx.o(.text)
    USART3_IRQHandler                        0x08000243   Thumb Code     0  .\objects\startup_stm32f40_41xxx.o(.text)
    USART6_IRQHandler                        0x08000243   Thumb Code     0  .\objects\startup_stm32f40_41xxx.o(.text)
    WWDG_IRQHandler                          0x08000243   Thumb Code     0  .\objects\startup_stm32f40_41xxx.o(.text)
    __user_initial_stackheap                 0x08000245   Thumb Code     0  .\objects\startup_stm32f40_41xxx.o(.text)
    __use_two_region_memory                  0x08000269   Thumb Code     2  C:\Keil_v5\ARM\ARMCC\Bin\..\lib\armlib\c_w.l(heapauxi.o)(.text)
    __rt_heap_escrow$2region                 0x0800026b   Thumb Code     2  C:\Keil_v5\ARM\ARMCC\Bin\..\lib\armlib\c_w.l(heapauxi.o)(.text)
    __rt_heap_expand$2region                 0x0800026d   Thumb Code     2  C:\Keil_v5\ARM\ARMCC\Bin\..\lib\armlib\c_w.l(heapauxi.o)(.text)
    __user_libspace                          0x08000271   Thumb Code     8  C:\Keil_v5\ARM\ARMCC\Bin\..\lib\armlib\c_w.l(libspace.o)(.text)
    __user_perproc_libspace                  0x08000271   Thumb Code     0  C:\Keil_v5\ARM\ARMCC\Bin\..\lib\armlib\c_w.l(libspace.o)(.text)
    __user_perthread_libspace                0x08000271   Thumb Code     0  C:\Keil_v5\ARM\ARMCC\Bin\..\lib\armlib\c_w.l(libspace.o)(.text)
    __user_setup_stackheap                   0x08000279   Thumb Code    74  C:\Keil_v5\ARM\ARMCC\Bin\..\lib\armlib\c_w.l(sys_stackheap_outer.o)(.text)
    exit                                     0x080002c3   Thumb Code    18  C:\Keil_v5\ARM\ARMCC\Bin\..\lib\armlib\c_w.l(exit.o)(.text)
    _sys_exit                                0x080002d5   Thumb Code     8  C:\Keil_v5\ARM\ARMCC\Bin\..\lib\armlib\c_w.l(sys_exit.o)(.text)
    __I$use$semihosting                      0x080002e1   Thumb Code     0  C:\Keil_v5\ARM\ARMCC\Bin\..\lib\armlib\c_w.l(use_no_semi.o)(.text)
    __use_no_semihosting_swi                 0x080002e1   Thumb Code     2  C:\Keil_v5\ARM\ARMCC\Bin\..\lib\armlib\c_w.l(use_no_semi.o)(.text)
    __semihosting_library_function           0x080002e3   Thumb Code     0  C:\Keil_v5\ARM\ARMCC\Bin\..\lib\armlib\c_w.l(indicate_semi.o)(.text)
    DCMI_CaptureCmd                          0x080002e5   Thumb Code    30  .\objects\stm32f4xx_dcmi.o(i.DCMI_CaptureCmd)
    DCMI_ClearFlag                           0x08000309   Thumb Code     6  .\objects\stm32f4xx_dcmi.o(i.DCMI_ClearFlag)
    DCMI_Cmd                                 0x08000315   Thumb Code    30  .\objects\stm32f4xx_dcmi.o(i.DCMI_Cmd)
    DCMI_GetFlagStatus                       0x08000339   Thumb Code    46  .\objects\stm32f4xx_dcmi.o(i.DCMI_GetFlagStatus)
    DCMI_IRQHandler                          0x0800036d   Thumb Code    70  .\objects\main.o(i.DCMI_IRQHandler)
    DCMI_ITConfig                            0x080003b9   Thumb Code    30  .\objects\stm32f4xx_dcmi.o(i.DCMI_ITConfig)
    DCMI_Init                                0x080003dd   Thumb Code    60  .\objects\stm32f4xx_dcmi.o(i.DCMI_Init)
    DMA1_Stream0_Event                       0x0800041d   Thumb Code     2  .\objects\dma_stm32f4xx.o(i.DMA1_Stream0_Event)
    DMA1_Stream0_IRQHandler                  0x08000421   Thumb Code    22  .\objects\dma_stm32f4xx.o(i.DMA1_Stream0_IRQHandler)
    DMA1_Stream1_Event                       0x0800043d   Thumb Code     2  .\objects\dma_stm32f4xx.o(i.DMA1_Stream1_Event)
    DMA1_Stream1_IRQHandler                  0x08000441   Thumb Code    26  .\objects\dma_stm32f4xx.o(i.DMA1_Stream1_IRQHandler)
    DMA1_Stream2_Event                       0x08000461   Thumb Code     2  .\objects\dma_stm32f4xx.o(i.DMA1_Stream2_Event)
    DMA1_Stream2_IRQHandler                  0x08000465   Thumb Code    26  .\objects\dma_stm32f4xx.o(i.DMA1_Stream2_IRQHandler)
    DMA1_Stream3_Event                       0x08000485   Thumb Code     2  .\objects\dma_stm32f4xx.o(i.DMA1_Stream3_Event)
    DMA1_Stream3_IRQHandler                  0x08000489   Thumb Code    26  .\objects\dma_stm32f4xx.o(i.DMA1_Stream3_IRQHandler)
    DMA1_Stream4_Event                       0x080004a9   Thumb Code     2  .\objects\dma_stm32f4xx.o(i.DMA1_Stream4_Event)
    DMA1_Stream4_IRQHandler                  0x080004ad   Thumb Code    22  .\objects\dma_stm32f4xx.o(i.DMA1_Stream4_IRQHandler)
    DMA1_Stream5_Event                       0x080004c9   Thumb Code     2  .\objects\dma_stm32f4xx.o(i.DMA1_Stream5_Event)
    DMA1_Stream5_IRQHandler                  0x080004cd   Thumb Code    26  .\objects\dma_stm32f4xx.o(i.DMA1_Stream5_IRQHandler)
    DMA1_Stream6_Event                       0x080004ed   Thumb Code     2  .\objects\dma_stm32f4xx.o(i.DMA1_Stream6_Event)
    DMA1_Stream6_IRQHandler                  0x080004f1   Thumb Code    26  .\objects\dma_stm32f4xx.o(i.DMA1_Stream6_IRQHandler)
    DMA1_Stream7_Event                       0x08000511   Thumb Code     2  .\objects\dma_stm32f4xx.o(i.DMA1_Stream7_Event)
    DMA1_Stream7_IRQHandler                  0x08000515   Thumb Code    26  .\objects\dma_stm32f4xx.o(i.DMA1_Stream7_IRQHandler)
    DMA2_Stream0_Event                       0x08000535   Thumb Code     2  .\objects\dma_stm32f4xx.o(i.DMA2_Stream0_Event)
    DMA2_Stream0_IRQHandler                  0x08000539   Thumb Code    24  .\objects\dma_stm32f4xx.o(i.DMA2_Stream0_IRQHandler)
    DMA2_Stream1_Event                       0x08000555   Thumb Code     2  .\objects\dma_stm32f4xx.o(i.DMA2_Stream1_Event)
    DMA2_Stream1_IRQHandler                  0x08000559   Thumb Code    28  .\objects\dma_stm32f4xx.o(i.DMA2_Stream1_IRQHandler)
    DMA2_Stream2_Event                       0x08000579   Thumb Code     2  .\objects\dma_stm32f4xx.o(i.DMA2_Stream2_Event)
    DMA2_Stream2_IRQHandler                  0x0800057d   Thumb Code    28  .\objects\dma_stm32f4xx.o(i.DMA2_Stream2_IRQHandler)
    DMA2_Stream3_Event                       0x0800059d   Thumb Code     2  .\objects\dma_stm32f4xx.o(i.DMA2_Stream3_Event)
    DMA2_Stream3_IRQHandler                  0x080005a1   Thumb Code    28  .\objects\dma_stm32f4xx.o(i.DMA2_Stream3_IRQHandler)
    DMA2_Stream4_Event                       0x080005c1   Thumb Code     2  .\objects\dma_stm32f4xx.o(i.DMA2_Stream4_Event)
    DMA2_Stream4_IRQHandler                  0x080005c5   Thumb Code    24  .\objects\dma_stm32f4xx.o(i.DMA2_Stream4_IRQHandler)
    DMA2_Stream5_Event                       0x080005e1   Thumb Code     2  .\objects\dma_stm32f4xx.o(i.DMA2_Stream5_Event)
    DMA2_Stream5_IRQHandler                  0x080005e5   Thumb Code    28  .\objects\dma_stm32f4xx.o(i.DMA2_Stream5_IRQHandler)
    DMA2_Stream6_Event                       0x08000605   Thumb Code     2  .\objects\dma_stm32f4xx.o(i.DMA2_Stream6_Event)
    DMA2_Stream6_IRQHandler                  0x08000609   Thumb Code    28  .\objects\dma_stm32f4xx.o(i.DMA2_Stream6_IRQHandler)
    DMA2_Stream7_Event                       0x08000629   Thumb Code     2  .\objects\dma_stm32f4xx.o(i.DMA2_Stream7_Event)
    DMA2_Stream7_IRQHandler                  0x0800062d   Thumb Code    28  .\objects\dma_stm32f4xx.o(i.DMA2_Stream7_IRQHandler)
    DMA_Cmd                                  0x0800064d   Thumb Code    22  .\objects\stm32f4xx_dma.o(i.DMA_Cmd)
    DMA_DeInit                               0x08000665   Thumb Code   324  .\objects\stm32f4xx_dma.o(i.DMA_DeInit)
    DMA_ITConfig                             0x080007bd   Thumb Code    58  .\objects\stm32f4xx_dma.o(i.DMA_ITConfig)
    DMA_Init                                 0x080007f9   Thumb Code    82  .\objects\stm32f4xx_dma.o(i.DMA_Init)
    GPIO_Init                                0x08000851   Thumb Code   144  .\objects\stm32f4xx_gpio.o(i.GPIO_Init)
    GPIO_PinAFConfig                         0x080008e1   Thumb Code    70  .\objects\stm32f4xx_gpio.o(i.GPIO_PinAFConfig)
    GPIO_ReadInputDataBit                    0x08000927   Thumb Code    18  .\objects\stm32f4xx_gpio.o(i.GPIO_ReadInputDataBit)
    GPIO_ResetBits                           0x08000939   Thumb Code     4  .\objects\stm32f4xx_gpio.o(i.GPIO_ResetBits)
    GPIO_SetBits                             0x0800093d   Thumb Code     4  .\objects\stm32f4xx_gpio.o(i.GPIO_SetBits)
    I2C_ReceiveByte                          0x08000941   Thumb Code    80  .\objects\ov7670.o(i.I2C_ReceiveByte)
    NVIC_Init                                0x08000995   Thumb Code   106  .\objects\misc.o(i.NVIC_Init)
    NVIC_PriorityGroupConfig                 0x08000a0d   Thumb Code    10  .\objects\misc.o(i.NVIC_PriorityGroupConfig)
    RCC_AHB1PeriphClockCmd                   0x08000a21   Thumb Code    26  .\objects\stm32f4xx_rcc.o(i.RCC_AHB1PeriphClockCmd)
    RCC_AHB2PeriphClockCmd                   0x08000a41   Thumb Code    26  .\objects\stm32f4xx_rcc.o(i.RCC_AHB2PeriphClockCmd)
    RCC_APB1PeriphClockCmd                   0x08000a61   Thumb Code    26  .\objects\stm32f4xx_rcc.o(i.RCC_APB1PeriphClockCmd)
    RCC_GetClocksFreq                        0x08000a81   Thumb Code   214  .\objects\stm32f4xx_rcc.o(i.RCC_GetClocksFreq)
    RCC_GetFlagStatus                        0x08000b69   Thumb Code    60  .\objects\stm32f4xx_rcc.o(i.RCC_GetFlagStatus)
    RCC_MCO2Config                           0x08000ba9   Thumb Code    24  .\objects\stm32f4xx_rcc.o(i.RCC_MCO2Config)
    RCC_PLLI2SCmd                            0x08000bc5   Thumb Code     6  .\objects\stm32f4xx_rcc.o(i.RCC_PLLI2SCmd)
    RCC_PLLI2SConfig                         0x08000bd1   Thumb Code    12  .\objects\stm32f4xx_rcc.o(i.RCC_PLLI2SConfig)
    SCCB_Delay                               0x08000be1   Thumb Code    14  .\objects\ov7670.o(i.SCCB_Delay)
    Serial_init                              0x08000bf1   Thumb Code   198  .\objects\ov7670.o(i.Serial_init)
    Serial_sendb                             0x08000cc1   Thumb Code    28  .\objects\ov7670.o(i.Serial_sendb)
    SystemInit                               0x08000dcd   Thumb Code    88  .\objects\system_stm32f4xx_1.o(i.SystemInit)
    USART_Cmd                                0x08000e35   Thumb Code    24  .\objects\stm32f4xx_usart.o(i.USART_Cmd)
    USART_GetFlagStatus                      0x08000e4d   Thumb Code    26  .\objects\stm32f4xx_usart.o(i.USART_GetFlagStatus)
    USART_ITConfig                           0x08000e67   Thumb Code    74  .\objects\stm32f4xx_usart.o(i.USART_ITConfig)
    USART_Init                               0x08000eb1   Thumb Code   204  .\objects\stm32f4xx_usart.o(i.USART_Init)
    USART_SendData                           0x08000f85   Thumb Code     8  .\objects\stm32f4xx_usart.o(i.USART_SendData)
    camera_init                              0x08000f8d   Thumb Code    12  .\objects\ov7670.o(i.camera_init)
    dcmi_init                                0x08000f99   Thumb Code   566  .\objects\ov7670.o(i.dcmi_init)
    def_as_input                             0x080011f1   Thumb Code    40  .\objects\ov7670.o(i.def_as_input)
    def_as_output                            0x0800121d   Thumb Code    40  .\objects\ov7670.o(i.def_as_output)
    dumpFrame                                0x08001249   Thumb Code    40  .\objects\ov7670.o(i.dumpFrame)
    init                                     0x08001279   Thumb Code   226  .\objects\ov7670.o(i.init)
    main                                     0x08001369   Thumb Code   174  .\objects\main.o(i.main)
    multi_write                              0x0800142d   Thumb Code    48  .\objects\ov7670.o(i.multi_write)
    ov_7670_init_for_snapShot                0x0800145d   Thumb Code   150  .\objects\ov7670.o(i.ov_7670_init_for_snapShot)
    sccb_write                               0x08001501   Thumb Code   160  .\objects\ov7670.o(i.sccb_write)
    start                                    0x080015a5   Thumb Code    56  .\objects\ov7670.o(i.start)
    stop                                     0x080015e1   Thumb Code    56  .\objects\ov7670.o(i.stop)
    _fp_init                                 0x0800161d   Thumb Code    10  C:\Keil_v5\ARM\ARMCC\Bin\..\lib\armlib\fz_wm.l(fpinit.o)(x$fpl$fpinit)
    __fplib_config_fpu_vfp                   0x08001625   Thumb Code     0  C:\Keil_v5\ARM\ARMCC\Bin\..\lib\armlib\fz_wm.l(fpinit.o)(x$fpl$fpinit)
    __fplib_config_pureend_doubles           0x08001625   Thumb Code     0  C:\Keil_v5\ARM\ARMCC\Bin\..\lib\armlib\fz_wm.l(fpinit.o)(x$fpl$fpinit)
    OV7670_reg                               0x08001626   Data         312  .\objects\ov7670.o(.constdata)
    ov7670_fmt_rgb565                        0x0800175e   Data          24  .\objects\ov7670.o(.constdata)
    ov7670_qcif_regs                         0x08001776   Data          30  .\objects\ov7670.o(.constdata)
    Region$$Table$$Base                      0x08001794   Number         0  anon$$obj.o(Region$$Table)
    Region$$Table$$Limit                     0x080017b4   Number         0  anon$$obj.o(Region$$Table)
    inn                                      0x20000000   Data           4  .\objects\main.o(.data)
    camera_snap_ready                        0x20000004   Data           4  .\objects\main.o(.data)
    a_12                                     0x20000010   Data           4  .\objects\main.o(.data)
    length                                   0x20000014   Data           4  .\objects\ov7670.o(.data)
    ov7670_qqvga_regs                        0x20000018   Data          20  .\objects\ov7670.o(.data)
    resim                                    0x2000003c   Data       50688  .\objects\ov7670.o(.bss)
    __libspace_start                         0x2000c63c   Data          96  C:\Keil_v5\ARM\ARMCC\Bin\..\lib\armlib\c_w.l(libspace.o)(.bss)
    __temporary_stack_top$libspace           0x2000c69c   Data           0  C:\Keil_v5\ARM\ARMCC\Bin\..\lib\armlib\c_w.l(libspace.o)(.bss)



==============================================================================

Memory Map of the image

  Image Entry point : 0x08000189

  Load Region LR_IROM1 (Base: 0x08000000, Size: 0x000017f0, Max: 0x00100000, ABSOLUTE)

    Execution Region ER_IROM1 (Exec base: 0x08000000, Load base: 0x08000000, Size: 0x000017b4, Max: 0x00100000, ABSOLUTE)

    Exec Addr    Load Addr    Size         Type   Attr      Idx    E Section Name        Object

    0x08000000   0x08000000   0x00000188   Data   RO         5257    RESET               .\objects\startup_stm32f40_41xxx.o
    0x08000188   0x08000188   0x00000008   Code   RO         5323  * !!!main             C:\Keil_v5\ARM\ARMCC\Bin\..\lib\armlib\c_w.l(__main.o)
    0x08000190   0x08000190   0x00000034   Code   RO         5643    !!!scatter          C:\Keil_v5\ARM\ARMCC\Bin\..\lib\armlib\c_w.l(__scatter.o)
    0x080001c4   0x080001c4   0x0000001a   Code   RO         5645    !!handler_copy      C:\Keil_v5\ARM\ARMCC\Bin\..\lib\armlib\c_w.l(__scatter_copy.o)
    0x080001de   0x080001de   0x00000002   PAD
    0x080001e0   0x080001e0   0x0000001c   Code   RO         5647    !!handler_zi        C:\Keil_v5\ARM\ARMCC\Bin\..\lib\armlib\c_w.l(__scatter_zi.o)
    0x080001fc   0x080001fc   0x00000002   Code   RO         5514    .ARM.Collect$$libinit$$00000000  C:\Keil_v5\ARM\ARMCC\Bin\..\lib\armlib\c_w.l(libinit.o)
    0x080001fe   0x080001fe   0x00000004   Code   RO         5523    .ARM.Collect$$libinit$$00000001  C:\Keil_v5\ARM\ARMCC\Bin\..\lib\armlib\c_w.l(libinit2.o)
    0x08000202   0x08000202   0x00000000   Code   RO         5526    .ARM.Collect$$libinit$$00000004  C:\Keil_v5\ARM\ARMCC\Bin\..\lib\armlib\c_w.l(libinit2.o)
    0x08000202   0x08000202   0x00000000   Code   RO         5529    .ARM.Collect$$libinit$$0000000A  C:\Keil_v5\ARM\ARMCC\Bin\..\lib\armlib\c_w.l(libinit2.o)
    0x08000202   0x08000202   0x00000000   Code   RO         5531    .ARM.Collect$$libinit$$0000000C  C:\Keil_v5\ARM\ARMCC\Bin\..\lib\armlib\c_w.l(libinit2.o)
    0x08000202   0x08000202   0x00000000   Code   RO         5533    .ARM.Collect$$libinit$$0000000E  C:\Keil_v5\ARM\ARMCC\Bin\..\lib\armlib\c_w.l(libinit2.o)
    0x08000202   0x08000202   0x00000000   Code   RO         5536    .ARM.Collect$$libinit$$00000011  C:\Keil_v5\ARM\ARMCC\Bin\..\lib\armlib\c_w.l(libinit2.o)
    0x08000202   0x08000202   0x00000000   Code   RO         5538    .ARM.Collect$$libinit$$00000013  C:\Keil_v5\ARM\ARMCC\Bin\..\lib\armlib\c_w.l(libinit2.o)
    0x08000202   0x08000202   0x00000000   Code   RO         5540    .ARM.Collect$$libinit$$00000015  C:\Keil_v5\ARM\ARMCC\Bin\..\lib\armlib\c_w.l(libinit2.o)
    0x08000202   0x08000202   0x00000000   Code   RO         5542    .ARM.Collect$$libinit$$00000017  C:\Keil_v5\ARM\ARMCC\Bin\..\lib\armlib\c_w.l(libinit2.o)
    0x08000202   0x08000202   0x00000000   Code   RO         5544    .ARM.Collect$$libinit$$00000019  C:\Keil_v5\ARM\ARMCC\Bin\..\lib\armlib\c_w.l(libinit2.o)
    0x08000202   0x08000202   0x00000000   Code   RO         5546    .ARM.Collect$$libinit$$0000001B  C:\Keil_v5\ARM\ARMCC\Bin\..\lib\armlib\c_w.l(libinit2.o)
    0x08000202   0x08000202   0x00000000   Code   RO         5548    .ARM.Collect$$libinit$$0000001D  C:\Keil_v5\ARM\ARMCC\Bin\..\lib\armlib\c_w.l(libinit2.o)
    0x08000202   0x08000202   0x00000000   Code   RO         5550    .ARM.Collect$$libinit$$0000001F  C:\Keil_v5\ARM\ARMCC\Bin\..\lib\armlib\c_w.l(libinit2.o)
    0x08000202   0x08000202   0x00000000   Code   RO         5552    .ARM.Collect$$libinit$$00000021  C:\Keil_v5\ARM\ARMCC\Bin\..\lib\armlib\c_w.l(libinit2.o)
    0x08000202   0x08000202   0x00000000   Code   RO         5554    .ARM.Collect$$libinit$$00000023  C:\Keil_v5\ARM\ARMCC\Bin\..\lib\armlib\c_w.l(libinit2.o)
    0x08000202   0x08000202   0x00000000   Code   RO         5556    .ARM.Collect$$libinit$$00000025  C:\Keil_v5\ARM\ARMCC\Bin\..\lib\armlib\c_w.l(libinit2.o)
    0x08000202   0x08000202   0x00000000   Code   RO         5560    .ARM.Collect$$libinit$$0000002C  C:\Keil_v5\ARM\ARMCC\Bin\..\lib\armlib\c_w.l(libinit2.o)
    0x08000202   0x08000202   0x00000000   Code   RO         5562    .ARM.Collect$$libinit$$0000002E  C:\Keil_v5\ARM\ARMCC\Bin\..\lib\armlib\c_w.l(libinit2.o)
    0x08000202   0x08000202   0x00000000   Code   RO         5564    .ARM.Collect$$libinit$$00000030  C:\Keil_v5\ARM\ARMCC\Bin\..\lib\armlib\c_w.l(libinit2.o)
    0x08000202   0x08000202   0x00000000   Code   RO         5566    .ARM.Collect$$libinit$$00000032  C:\Keil_v5\ARM\ARMCC\Bin\..\lib\armlib\c_w.l(libinit2.o)
    0x08000202   0x08000202   0x00000002   Code   RO         5567    .ARM.Collect$$libinit$$00000033  C:\Keil_v5\ARM\ARMCC\Bin\..\lib\armlib\c_w.l(libinit2.o)
    0x08000204   0x08000204   0x00000002   Code   RO         5598    .ARM.Collect$$libshutdown$$00000000  C:\Keil_v5\ARM\ARMCC\Bin\..\lib\armlib\c_w.l(libshutdown.o)
    0x08000206   0x08000206   0x00000000   Code   RO         5624    .ARM.Collect$$libshutdown$$00000002  C:\Keil_v5\ARM\ARMCC\Bin\..\lib\armlib\c_w.l(libshutdown2.o)
    0x08000206   0x08000206   0x00000000   Code   RO         5626    .ARM.Collect$$libshutdown$$00000004  C:\Keil_v5\ARM\ARMCC\Bin\..\lib\armlib\c_w.l(libshutdown2.o)
    0x08000206   0x08000206   0x00000000   Code   RO         5628    .ARM.Collect$$libshutdown$$00000006  C:\Keil_v5\ARM\ARMCC\Bin\..\lib\armlib\c_w.l(libshutdown2.o)
    0x08000206   0x08000206   0x00000000   Code   RO         5631    .ARM.Collect$$libshutdown$$00000009  C:\Keil_v5\ARM\ARMCC\Bin\..\lib\armlib\c_w.l(libshutdown2.o)
    0x08000206   0x08000206   0x00000000   Code   RO         5634    .ARM.Collect$$libshutdown$$0000000C  C:\Keil_v5\ARM\ARMCC\Bin\..\lib\armlib\c_w.l(libshutdown2.o)
    0x08000206   0x08000206   0x00000000   Code   RO         5636    .ARM.Collect$$libshutdown$$0000000E  C:\Keil_v5\ARM\ARMCC\Bin\..\lib\armlib\c_w.l(libshutdown2.o)
    0x08000206   0x08000206   0x00000000   Code   RO         5639    .ARM.Collect$$libshutdown$$00000011  C:\Keil_v5\ARM\ARMCC\Bin\..\lib\armlib\c_w.l(libshutdown2.o)
    0x08000206   0x08000206   0x00000002   Code   RO         5640    .ARM.Collect$$libshutdown$$00000012  C:\Keil_v5\ARM\ARMCC\Bin\..\lib\armlib\c_w.l(libshutdown2.o)
    0x08000208   0x08000208   0x00000000   Code   RO         5423    .ARM.Collect$$rtentry$$00000000  C:\Keil_v5\ARM\ARMCC\Bin\..\lib\armlib\c_w.l(__rtentry.o)
    0x08000208   0x08000208   0x00000000   Code   RO         5477    .ARM.Collect$$rtentry$$00000002  C:\Keil_v5\ARM\ARMCC\Bin\..\lib\armlib\c_w.l(__rtentry2.o)
    0x08000208   0x08000208   0x00000006   Code   RO         5489    .ARM.Collect$$rtentry$$00000004  C:\Keil_v5\ARM\ARMCC\Bin\..\lib\armlib\c_w.l(__rtentry4.o)
    0x0800020e   0x0800020e   0x00000000   Code   RO         5479    .ARM.Collect$$rtentry$$00000009  C:\Keil_v5\ARM\ARMCC\Bin\..\lib\armlib\c_w.l(__rtentry2.o)
    0x0800020e   0x0800020e   0x00000004   Code   RO         5480    .ARM.Collect$$rtentry$$0000000A  C:\Keil_v5\ARM\ARMCC\Bin\..\lib\armlib\c_w.l(__rtentry2.o)
    0x08000212   0x08000212   0x00000000   Code   RO         5482    .ARM.Collect$$rtentry$$0000000C  C:\Keil_v5\ARM\ARMCC\Bin\..\lib\armlib\c_w.l(__rtentry2.o)
    0x08000212   0x08000212   0x00000008   Code   RO         5483    .ARM.Collect$$rtentry$$0000000D  C:\Keil_v5\ARM\ARMCC\Bin\..\lib\armlib\c_w.l(__rtentry2.o)
    0x0800021a   0x0800021a   0x00000002   Code   RO         5515    .ARM.Collect$$rtexit$$00000000  C:\Keil_v5\ARM\ARMCC\Bin\..\lib\armlib\c_w.l(rtexit.o)
    0x0800021c   0x0800021c   0x00000000   Code   RO         5571    .ARM.Collect$$rtexit$$00000002  C:\Keil_v5\ARM\ARMCC\Bin\..\lib\armlib\c_w.l(rtexit2.o)
    0x0800021c   0x0800021c   0x00000004   Code   RO         5572    .ARM.Collect$$rtexit$$00000003  C:\Keil_v5\ARM\ARMCC\Bin\..\lib\armlib\c_w.l(rtexit2.o)
    0x08000220   0x08000220   0x00000006   Code   RO         5573    .ARM.Collect$$rtexit$$00000004  C:\Keil_v5\ARM\ARMCC\Bin\..\lib\armlib\c_w.l(rtexit2.o)
    0x08000226   0x08000226   0x00000002   PAD
    0x08000228   0x08000228   0x00000040   Code   RO         5258    .text               .\objects\startup_stm32f40_41xxx.o
    0x08000268   0x08000268   0x00000006   Code   RO         5321    .text               C:\Keil_v5\ARM\ARMCC\Bin\..\lib\armlib\c_w.l(heapauxi.o)
    0x0800026e   0x0800026e   0x00000002   PAD
    0x08000270   0x08000270   0x00000008   Code   RO         5498    .text               C:\Keil_v5\ARM\ARMCC\Bin\..\lib\armlib\c_w.l(libspace.o)
    0x08000278   0x08000278   0x0000004a   Code   RO         5501    .text               C:\Keil_v5\ARM\ARMCC\Bin\..\lib\armlib\c_w.l(sys_stackheap_outer.o)
    0x080002c2   0x080002c2   0x00000012   Code   RO         5503    .text               C:\Keil_v5\ARM\ARMCC\Bin\..\lib\armlib\c_w.l(exit.o)
    0x080002d4   0x080002d4   0x0000000c   Code   RO         5568    .text               C:\Keil_v5\ARM\ARMCC\Bin\..\lib\armlib\c_w.l(sys_exit.o)
    0x080002e0   0x080002e0   0x00000002   Code   RO         5587    .text               C:\Keil_v5\ARM\ARMCC\Bin\..\lib\armlib\c_w.l(use_no_semi.o)
    0x080002e2   0x080002e2   0x00000000   Code   RO         5589    .text               C:\Keil_v5\ARM\ARMCC\Bin\..\lib\armlib\c_w.l(indicate_semi.o)
    0x080002e2   0x080002e2   0x00000002   PAD
    0x080002e4   0x080002e4   0x00000024   Code   RO         4085    i.DCMI_CaptureCmd   .\objects\stm32f4xx_dcmi.o
    0x08000308   0x08000308   0x0000000c   Code   RO         4086    i.DCMI_ClearFlag    .\objects\stm32f4xx_dcmi.o
    0x08000314   0x08000314   0x00000024   Code   RO         4088    i.DCMI_Cmd          .\objects\stm32f4xx_dcmi.o
    0x08000338   0x08000338   0x00000034   Code   RO         4090    i.DCMI_GetFlagStatus  .\objects\stm32f4xx_dcmi.o
    0x0800036c   0x0800036c   0x0000004c   Code   RO            4    i.DCMI_IRQHandler   .\objects\main.o
    0x080003b8   0x080003b8   0x00000024   Code   RO         4092    i.DCMI_ITConfig     .\objects\stm32f4xx_dcmi.o
    0x080003dc   0x080003dc   0x00000040   Code   RO         4093    i.DCMI_Init         .\objects\stm32f4xx_dcmi.o
    0x0800041c   0x0800041c   0x00000002   Code   RO         5009    i.DMA1_Stream0_Event  .\objects\dma_stm32f4xx.o
    0x0800041e   0x0800041e   0x00000002   PAD
    0x08000420   0x08000420   0x0000001c   Code   RO         5010    i.DMA1_Stream0_IRQHandler  .\objects\dma_stm32f4xx.o
    0x0800043c   0x0800043c   0x00000002   Code   RO         5011    i.DMA1_Stream1_Event  .\objects\dma_stm32f4xx.o
    0x0800043e   0x0800043e   0x00000002   PAD
    0x08000440   0x08000440   0x00000020   Code   RO         5012    i.DMA1_Stream1_IRQHandler  .\objects\dma_stm32f4xx.o
    0x08000460   0x08000460   0x00000002   Code   RO         5013    i.DMA1_Stream2_Event  .\objects\dma_stm32f4xx.o
    0x08000462   0x08000462   0x00000002   PAD
    0x08000464   0x08000464   0x00000020   Code   RO         5014    i.DMA1_Stream2_IRQHandler  .\objects\dma_stm32f4xx.o
    0x08000484   0x08000484   0x00000002   Code   RO         5015    i.DMA1_Stream3_Event  .\objects\dma_stm32f4xx.o
    0x08000486   0x08000486   0x00000002   PAD
    0x08000488   0x08000488   0x00000020   Code   RO         5016    i.DMA1_Stream3_IRQHandler  .\objects\dma_stm32f4xx.o
    0x080004a8   0x080004a8   0x00000002   Code   RO         5017    i.DMA1_Stream4_Event  .\objects\dma_stm32f4xx.o
    0x080004aa   0x080004aa   0x00000002   PAD
    0x080004ac   0x080004ac   0x0000001c   Code   RO         5018    i.DMA1_Stream4_IRQHandler  .\objects\dma_stm32f4xx.o
    0x080004c8   0x080004c8   0x00000002   Code   RO         5019    i.DMA1_Stream5_Event  .\objects\dma_stm32f4xx.o
    0x080004ca   0x080004ca   0x00000002   PAD
    0x080004cc   0x080004cc   0x00000020   Code   RO         5020    i.DMA1_Stream5_IRQHandler  .\objects\dma_stm32f4xx.o
    0x080004ec   0x080004ec   0x00000002   Code   RO         5021    i.DMA1_Stream6_Event  .\objects\dma_stm32f4xx.o
    0x080004ee   0x080004ee   0x00000002   PAD
    0x080004f0   0x080004f0   0x00000020   Code   RO         5022    i.DMA1_Stream6_IRQHandler  .\objects\dma_stm32f4xx.o
    0x08000510   0x08000510   0x00000002   Code   RO         5023    i.DMA1_Stream7_Event  .\objects\dma_stm32f4xx.o
    0x08000512   0x08000512   0x00000002   PAD
    0x08000514   0x08000514   0x00000020   Code   RO         5024    i.DMA1_Stream7_IRQHandler  .\objects\dma_stm32f4xx.o
    0x08000534   0x08000534   0x00000002   Code   RO         5025    i.DMA2_Stream0_Event  .\objects\dma_stm32f4xx.o
    0x08000536   0x08000536   0x00000002   PAD
    0x08000538   0x08000538   0x0000001c   Code   RO         5026    i.DMA2_Stream0_IRQHandler  .\objects\dma_stm32f4xx.o
    0x08000554   0x08000554   0x00000002   Code   RO         5027    i.DMA2_Stream1_Event  .\objects\dma_stm32f4xx.o
    0x08000556   0x08000556   0x00000002   PAD
    0x08000558   0x08000558   0x00000020   Code   RO         5028    i.DMA2_Stream1_IRQHandler  .\objects\dma_stm32f4xx.o
    0x08000578   0x08000578   0x00000002   Code   RO         5029    i.DMA2_Stream2_Event  .\objects\dma_stm32f4xx.o
    0x0800057a   0x0800057a   0x00000002   PAD
    0x0800057c   0x0800057c   0x00000020   Code   RO         5030    i.DMA2_Stream2_IRQHandler  .\objects\dma_stm32f4xx.o
    0x0800059c   0x0800059c   0x00000002   Code   RO         5031    i.DMA2_Stream3_Event  .\objects\dma_stm32f4xx.o
    0x0800059e   0x0800059e   0x00000002   PAD
    0x080005a0   0x080005a0   0x00000020   Code   RO         5032    i.DMA2_Stream3_IRQHandler  .\objects\dma_stm32f4xx.o
    0x080005c0   0x080005c0   0x00000002   Code   RO         5033    i.DMA2_Stream4_Event  .\objects\dma_stm32f4xx.o
    0x080005c2   0x080005c2   0x00000002   PAD
    0x080005c4   0x080005c4   0x0000001c   Code   RO         5034    i.DMA2_Stream4_IRQHandler  .\objects\dma_stm32f4xx.o
    0x080005e0   0x080005e0   0x00000002   Code   RO         5035    i.DMA2_Stream5_Event  .\objects\dma_stm32f4xx.o
    0x080005e2   0x080005e2   0x00000002   PAD
    0x080005e4   0x080005e4   0x00000020   Code   RO         5036    i.DMA2_Stream5_IRQHandler  .\objects\dma_stm32f4xx.o
    0x08000604   0x08000604   0x00000002   Code   RO         5037    i.DMA2_Stream6_Event  .\objects\dma_stm32f4xx.o
    0x08000606   0x08000606   0x00000002   PAD
    0x08000608   0x08000608   0x00000020   Code   RO         5038    i.DMA2_Stream6_IRQHandler  .\objects\dma_stm32f4xx.o
    0x08000628   0x08000628   0x00000002   Code   RO         5039    i.DMA2_Stream7_Event  .\objects\dma_stm32f4xx.o
    0x0800062a   0x0800062a   0x00000002   PAD
    0x0800062c   0x0800062c   0x00000020   Code   RO         5040    i.DMA2_Stream7_IRQHandler  .\objects\dma_stm32f4xx.o
    0x0800064c   0x0800064c   0x00000016   Code   RO         4193    i.DMA_Cmd           .\objects\stm32f4xx_dma.o
    0x08000662   0x08000662   0x00000002   PAD
    0x08000664   0x08000664   0x00000158   Code   RO         4194    i.DMA_DeInit        .\objects\stm32f4xx_dma.o
    0x080007bc   0x080007bc   0x0000003a   Code   RO         4204    i.DMA_ITConfig      .\objects\stm32f4xx_dma.o
    0x080007f6   0x080007f6   0x00000002   PAD
    0x080007f8   0x080007f8   0x00000058   Code   RO         4205    i.DMA_Init          .\objects\stm32f4xx_dma.o
    0x08000850   0x08000850   0x00000090   Code   RO         4324    i.GPIO_Init         .\objects\stm32f4xx_gpio.o
    0x080008e0   0x080008e0   0x00000046   Code   RO         4325    i.GPIO_PinAFConfig  .\objects\stm32f4xx_gpio.o
    0x08000926   0x08000926   0x00000012   Code   RO         4328    i.GPIO_ReadInputDataBit  .\objects\stm32f4xx_gpio.o
    0x08000938   0x08000938   0x00000004   Code   RO         4331    i.GPIO_ResetBits    .\objects\stm32f4xx_gpio.o
    0x0800093c   0x0800093c   0x00000004   Code   RO         4332    i.GPIO_SetBits      .\objects\stm32f4xx_gpio.o
    0x08000940   0x08000940   0x00000054   Code   RO          103    i.I2C_ReceiveByte   .\objects\ov7670.o
    0x08000994   0x08000994   0x00000078   Code   RO         4035    i.NVIC_Init         .\objects\misc.o
    0x08000a0c   0x08000a0c   0x00000014   Code   RO         4036    i.NVIC_PriorityGroupConfig  .\objects\misc.o
    0x08000a20   0x08000a20   0x00000020   Code   RO         4425    i.RCC_AHB1PeriphClockCmd  .\objects\stm32f4xx_rcc.o
    0x08000a40   0x08000a40   0x00000020   Code   RO         4428    i.RCC_AHB2PeriphClockCmd  .\objects\stm32f4xx_rcc.o
    0x08000a60   0x08000a60   0x00000020   Code   RO         4434    i.RCC_APB1PeriphClockCmd  .\objects\stm32f4xx_rcc.o
    0x08000a80   0x08000a80   0x000000e8   Code   RO         4446    i.RCC_GetClocksFreq  .\objects\stm32f4xx_rcc.o
    0x08000b68   0x08000b68   0x00000040   Code   RO         4447    i.RCC_GetFlagStatus  .\objects\stm32f4xx_rcc.o
    0x08000ba8   0x08000ba8   0x0000001c   Code   RO         4459    i.RCC_MCO2Config    .\objects\stm32f4xx_rcc.o
    0x08000bc4   0x08000bc4   0x0000000c   Code   RO         4464    i.RCC_PLLI2SCmd     .\objects\stm32f4xx_rcc.o
    0x08000bd0   0x08000bd0   0x00000010   Code   RO         4465    i.RCC_PLLI2SConfig  .\objects\stm32f4xx_rcc.o
    0x08000be0   0x08000be0   0x0000000e   Code   RO          104    i.SCCB_Delay        .\objects\ov7670.o
    0x08000bee   0x08000bee   0x00000002   PAD
    0x08000bf0   0x08000bf0   0x000000d0   Code   RO          105    i.Serial_init       .\objects\ov7670.o
    0x08000cc0   0x08000cc0   0x00000020   Code   RO          108    i.Serial_sendb      .\objects\ov7670.o
    0x08000ce0   0x08000ce0   0x000000ec   Code   RO         5265    i.SetSysClock       .\objects\system_stm32f4xx_1.o
    0x08000dcc   0x08000dcc   0x00000068   Code   RO         5267    i.SystemInit        .\objects\system_stm32f4xx_1.o
    0x08000e34   0x08000e34   0x00000018   Code   RO         4821    i.USART_Cmd         .\objects\stm32f4xx_usart.o
    0x08000e4c   0x08000e4c   0x0000001a   Code   RO         4824    i.USART_GetFlagStatus  .\objects\stm32f4xx_usart.o
    0x08000e66   0x08000e66   0x0000004a   Code   RO         4827    i.USART_ITConfig    .\objects\stm32f4xx_usart.o
    0x08000eb0   0x08000eb0   0x000000d4   Code   RO         4828    i.USART_Init        .\objects\stm32f4xx_usart.o
    0x08000f84   0x08000f84   0x00000008   Code   RO         4838    i.USART_SendData    .\objects\stm32f4xx_usart.o
    0x08000f8c   0x08000f8c   0x0000000c   Code   RO          109    i.camera_init       .\objects\ov7670.o
    0x08000f98   0x08000f98   0x00000258   Code   RO          110    i.dcmi_init         .\objects\ov7670.o
    0x080011f0   0x080011f0   0x0000002c   Code   RO          111    i.def_as_input      .\objects\ov7670.o
    0x0800121c   0x0800121c   0x0000002c   Code   RO          112    i.def_as_output     .\objects\ov7670.o
    0x08001248   0x08001248   0x00000030   Code   RO          113    i.dumpFrame         .\objects\ov7670.o
    0x08001278   0x08001278   0x000000f0   Code   RO          114    i.init              .\objects\ov7670.o
    0x08001368   0x08001368   0x000000c4   Code   RO            5    i.main              .\objects\main.o
    0x0800142c   0x0800142c   0x00000030   Code   RO          115    i.multi_write       .\objects\ov7670.o
    0x0800145c   0x0800145c   0x000000a4   Code   RO          116    i.ov_7670_init_for_snapShot  .\objects\ov7670.o
    0x08001500   0x08001500   0x000000a4   Code   RO          118    i.sccb_write        .\objects\ov7670.o
    0x080015a4   0x080015a4   0x0000003c   Code   RO          119    i.start             .\objects\ov7670.o
    0x080015e0   0x080015e0   0x0000003c   Code   RO          120    i.stop              .\objects\ov7670.o
    0x0800161c   0x0800161c   0x0000000a   Code   RO         5583    x$fpl$fpinit        C:\Keil_v5\ARM\ARMCC\Bin\..\lib\armlib\fz_wm.l(fpinit.o)
    0x08001626   0x08001626   0x0000016e   Data   RO          122    .constdata          .\objects\ov7670.o
    0x08001794   0x08001794   0x00000020   Data   RO         5641    Region$$Table       anon$$obj.o


    Execution Region RW_IRAM2 (Exec base: 0x10000000, Load base: 0x080017f0, Size: 0x00000000, Max: 0x00010000, ABSOLUTE)

    **** No section assigned to this execution region ****


    Execution Region RW_IRAM1 (Exec base: 0x20000000, Load base: 0x080017b4, Size: 0x0000cca0, Max: 0x00020000, ABSOLUTE)

    Exec Addr    Load Addr    Size         Type   Attr      Idx    E Section Name        Object

    0x20000000   0x080017b4   0x00000014   Data   RW            6    .data               .\objects\main.o
    0x20000014   0x080017c8   0x00000018   Data   RW          123    .data               .\objects\ov7670.o
    0x2000002c   0x080017e0   0x00000010   Data   RW         4477    .data               .\objects\stm32f4xx_rcc.o
    0x2000003c        -       0x0000c600   Zero   RW          121    .bss                .\objects\ov7670.o
    0x2000c63c        -       0x00000060   Zero   RW         5499    .bss                C:\Keil_v5\ARM\ARMCC\Bin\..\lib\armlib\c_w.l(libspace.o)
    0x2000c69c   0x080017f0   0x00000004   PAD
    0x2000c6a0        -       0x00000200   Zero   RW         5256    HEAP                .\objects\startup_stm32f40_41xxx.o
    0x2000c8a0        -       0x00000400   Zero   RW         5255    STACK               .\objects\startup_stm32f40_41xxx.o


==============================================================================

Image component sizes


      Code (inc. data)   RO Data    RW Data    ZI Data      Debug   Object Name

       528         80          0          0          0      18032   .\objects\dma_stm32f4xx.o
       272         28          0         20          0     297582   .\objects\main.o
       140         24          0          0          0       1787   .\objects\misc.o
      1822        108        366         24      50688      40008   .\objects\ov7670.o
        64         26        392          0       1536        868   .\objects\startup_stm32f40_41xxx.o
       236         34          0          0          0       4235   .\objects\stm32f4xx_dcmi.o
       512         26          0          0          0       4109   .\objects\stm32f4xx_dma.o
       240          0          0          0          0       3955   .\objects\stm32f4xx_gpio.o
       448         54          0         16          0       7643   .\objects\stm32f4xx_rcc.o
       344          8          0          0          0       4557   .\objects\stm32f4xx_usart.o
       340         32          0          0          0       1653   .\objects\system_stm32f4xx_1.o

    ----------------------------------------------------------------------
      4984        420        790         60      52224     384429   Object Totals
         0          0         32          0          0          0   (incl. Generated)
        38          0          0          0          0          0   (incl. Padding)

    ----------------------------------------------------------------------

      Code (inc. data)   RO Data    RW Data    ZI Data      Debug   Library Member Name

         8          0          0          0          0         68   C:\Keil_v5\ARM\ARMCC\Bin\..\lib\armlib\c_w.l(__main.o)
         0          0          0          0          0          0   C:\Keil_v5\ARM\ARMCC\Bin\..\lib\armlib\c_w.l(__rtentry.o)
        12          0          0          0          0          0   C:\Keil_v5\ARM\ARMCC\Bin\..\lib\armlib\c_w.l(__rtentry2.o)
         6          0          0          0          0          0   C:\Keil_v5\ARM\ARMCC\Bin\..\lib\armlib\c_w.l(__rtentry4.o)
        52          8          0          0          0          0   C:\Keil_v5\ARM\ARMCC\Bin\..\lib\armlib\c_w.l(__scatter.o)
        26          0          0          0          0          0   C:\Keil_v5\ARM\ARMCC\Bin\..\lib\armlib\c_w.l(__scatter_copy.o)
        28          0          0          0          0          0   C:\Keil_v5\ARM\ARMCC\Bin\..\lib\armlib\c_w.l(__scatter_zi.o)
        18          0          0          0          0         80   C:\Keil_v5\ARM\ARMCC\Bin\..\lib\armlib\c_w.l(exit.o)
         6          0          0          0          0        152   C:\Keil_v5\ARM\ARMCC\Bin\..\lib\armlib\c_w.l(heapauxi.o)
         0          0          0          0          0          0   C:\Keil_v5\ARM\ARMCC\Bin\..\lib\armlib\c_w.l(indicate_semi.o)
         2          0          0          0          0          0   C:\Keil_v5\ARM\ARMCC\Bin\..\lib\armlib\c_w.l(libinit.o)
         6          0          0          0          0          0   C:\Keil_v5\ARM\ARMCC\Bin\..\lib\armlib\c_w.l(libinit2.o)
         2          0          0          0          0          0   C:\Keil_v5\ARM\ARMCC\Bin\..\lib\armlib\c_w.l(libshutdown.o)
         2          0          0          0          0          0   C:\Keil_v5\ARM\ARMCC\Bin\..\lib\armlib\c_w.l(libshutdown2.o)
         8          4          0          0         96         68   C:\Keil_v5\ARM\ARMCC\Bin\..\lib\armlib\c_w.l(libspace.o)
         2          0          0          0          0          0   C:\Keil_v5\ARM\ARMCC\Bin\..\lib\armlib\c_w.l(rtexit.o)
        10          0          0          0          0          0   C:\Keil_v5\ARM\ARMCC\Bin\..\lib\armlib\c_w.l(rtexit2.o)
        12          4          0          0          0         68   C:\Keil_v5\ARM\ARMCC\Bin\..\lib\armlib\c_w.l(sys_exit.o)
        74          0          0          0          0         80   C:\Keil_v5\ARM\ARMCC\Bin\..\lib\armlib\c_w.l(sys_stackheap_outer.o)
         2          0          0          0          0         68   C:\Keil_v5\ARM\ARMCC\Bin\..\lib\armlib\c_w.l(use_no_semi.o)
        10          0          0          0          0        116   C:\Keil_v5\ARM\ARMCC\Bin\..\lib\armlib\fz_wm.l(fpinit.o)

    ----------------------------------------------------------------------
       294         16          0          0        100        700   Library Totals
         8          0          0          0          4          0   (incl. Padding)

    ----------------------------------------------------------------------

      Code (inc. data)   RO Data    RW Data    ZI Data      Debug   Library Name

       276         16          0          0         96        584   C:\Keil_v5\ARM\ARMCC\Bin\..\lib\armlib\c_w.l
        10          0          0          0          0        116   C:\Keil_v5\ARM\ARMCC\Bin\..\lib\armlib\fz_wm.l

    ----------------------------------------------------------------------
       294         16          0          0        100        700   Library Totals

    ----------------------------------------------------------------------

==============================================================================


      Code (inc. data)   RO Data    RW Data    ZI Data      Debug   

      5278        436        790         60      52324     377273   Grand Totals
      5278        436        790         60      52324     377273   ELF Image Totals
      5278        436        790         60          0          0   ROM Totals

==============================================================================

    Total RO  Size (Code + RO Data)                 6068 (   5.93kB)
    Total RW  Size (RW Data + ZI Data)             52384 (  51.16kB)
    Total ROM Size (Code + RO Data + RW Data)       6128 (   5.98kB)

==============================================================================

